
 RUN  v2.1.9 /Users/iianneill/Documents/GitHub/speedy-ts-reactive

[baseline-browser-mapping] The data in this module is over two months old.  To ensure accurate Baseline data, please update: `npm i baseline-browser-mapping@latest -D`
 ✓ server/native-document-store.test.mjs (14 tests) 8307ms
   ✓ saves/reopens rich native bytes through actual routes and preserves identity across a file rename 513ms
   ✓ rejects a stale second editor even though the durable server receipt advanced 1555ms
   ✓ replays a lost-response request after router restart without refreshing the caller baseline 642ms
   ✓ recovers a partial publication after restart and blocks conflicting partial Markdown 933ms
   ✓ uses native authority even with newer Markdown and exposes Markdown only as import text 737ms
   ✓ Compare / Keep Mutable requires an exact reviewed external hash and preserves the displaced bytes 736ms
   ✓ rejects Keep Mutable when external Markdown changes again after Compare 367ms
   ✓ never attaches a newer file baseline to older bytes returned by Open 716ms
   ✓ recognizes content independently of suffix with no enrollment, source rewrite or generated sidecar 1520ms
 ✓ src/features/entity-references/candidates-view.test.tsx (8 tests) 2822ms
   ✓ entity candidate review > binds a manually checked match and closes despite incomplete document coverage 688ms
   ✓ entity candidate review > cannot link an entity with search disabled and no original selection 580ms
   ✓ entity candidate review > launches from a collapsed caret with the entity shortcut 430ms
   ✓ entity candidate review > keeps native select-all in query fields, supports a remapped opener and only nominates on Enter 356ms
 ✓ src/features/entity-references/search-view.test.tsx (15 tests) 3798ms
   ✓ keeps target Leonardo independent of resolver query Leonardo 632ms
   ✓ creates under a separate canonical name without rewriting target; Undo leaves the Entity 515ms
   ✓ retries unconfirmed creation with the same supplied identity and request 386ms
   ✓ retains created-but-not-linked identity and binds a newly validated selection 325ms
   ✓ cancel before dispatch writes nothing and cancel after dispatch never adds a late annotation 304ms
   ✓ keeps Tab and numeric text input native; Enter links and Escape cancels 302ms
 ✓ src/application/flint-lifecycle.test.tsx (14 tests) 16406ms
   ✓ Flint composite transient hosting > keeps the editor and canonical History stable across F1 shell controls 1736ms
   ✓ Flint composite transient hosting > ignores late image completion after a transient occurrence is disposed 2159ms
   ✓ Flint composite transient hosting > mounts one ordinary editor, restores selection across tab switches, and releases occurrence state 3181ms
   ✓ Flint composite transient hosting > restores occurrence-local cross-Block selection and drops stale bookmarks after edits elsewhere 1106ms
   ✓ Flint composite transient hosting > prevents a different Window toolbar from applying another occurrence's grouped selection 697ms
   ✓ Flint composite transient hosting > owns Entity panel focus and cancels asynchronous work when its tab disappears 957ms
   ✓ Flint composite transient hosting > round-trips launched Windows with the unchanged server bundle and one object bank 626ms
   ✓ Flint composite transient hosting > releases the live view on Window minimize and restores ordinary editing on return 551ms
   ✓ Flint composite transient hosting > rejects ambiguous target identities without choosing a new canonical owner 626ms
   ✓ Flint composite transient hosting > does not leak the application's Document slot into authored tabs inside its Document 583ms
   ✓ Flint composite transient hosting > does not resurrect disposed focus from a queued panel return 465ms
   ✓ Flint composite transient hosting > handles source deletion, unavailable view and undo while remaining editable 676ms
   ✓ Flint composite transient hosting > closes/reopens tabs without deleting canonical Documents; disablement retains their data 1683ms
   ✓ Flint composite transient hosting > keeps two application Windows independent while editing shared content and renaming tabs 1354ms
 ✓ server/native-vault-store.test.mjs (44 tests) 29962ms
   ✓ discovers real nested/empty directories, confirmed pairs and standalone Markdown without admitting Documents 625ms
   ✓ moves an enrolled pair without changing bytes, identity or save generation; saves at new binding 2004ms
   ✓ renames a pair in the same directory while retaining every historical generation 738ms
   ✓ moves a nonempty directory itself including unrelated files, empty directories and pair archives 678ms
   ✓ creates real directories exclusively and never invents a membership file 376ms
   ✓ recovers after relocation-intent without generating new content 1347ms
   ✓ recovers after relocation-after-0 without generating new content 643ms
   ✓ recovers after relocation-after-1 without generating new content 383ms
   ✓ recovers after relocation-after-2 without generating new content 388ms
   ✓ recovers after relocation-receipt-displaced without generating new content 381ms
   ✓ recovers after relocation-receipt without generating new content 491ms
   ✓ recovers after relocation-before-complete without generating new content 540ms
   ✓ recovers after relocation-complete without generating new content 1085ms
   ✓ rejects markdown collisions before journalling or changing source 303ms
   ✓ does not adopt externally moved same-ID resources or claim same-stem Markdown 337ms
   ✓ rejects symlink traversal, source symlinks and directory moves into themselves 420ms
   ✓ read-only discovery remains available but all mutation/recovery actions fail 387ms
   ✓ requires exact caller baselines and blocks partially published pairs 1933ms
   ✓ fences stale locations and rename-away-and-back even with identical content hashes 1193ms
   ✓ preserves late native writes through open handles at relocation-after-0 1056ms
   ✓ preserves late native writes through open handles at relocation-before-complete 1005ms
   ✓ does not overwrite an external file created in a destination between pair steps 455ms
   ✓ preserves an externally replaced source inode caught after preflight 436ms
   ✓ native syscall refuses a destination introduced after JavaScript preflight 585ms
   ✓ does not follow a destination parent replaced by a symlink after preflight 500ms
   ✓ rejects case-only and Unicode-normalization aliases explicitly 315ms
   ✓ refuses a cross-device rename before touching either location 674ms
   ✓ does not confirm a relocated owner whose required owned resource disappeared 1068ms
   ✓ moves an owner and owned resource as independent pairs without altering their generations or Markdown 1198ms
   ✓ discovery reports unavailable directories and oversized native files as incomplete 675ms
   ✓ retains multiple immutable save generations through pair rename 2088ms
   ✓ cancels a directory query without any storage or authored mutation 707ms
   ✓ never substitutes fresh filesystem signatures for the caller reviewed content hashes 2611ms
 ✓ src/application/entity-service.test.ts (6 tests) 24309ms
   ✓ real HTTP/worker resolves canonical names, curated aliases and live/saved mentions as independent evidence 7636ms
   ✓ rejects duplicate/source disappearance, forged bindings, wrong vault, cancellation and stale live tokens 1836ms
   ✓ lost mutation response is explicitly unconfirmed and retrying the same attempt does not create another Entity 1890ms
   ✓ read-only vault permits resolution but rejects canonical writes, and another vault cannot supply source authority 2768ms
   ✓ unresolved saved definitions keep mention resolution and vault counts explicitly incomplete 5959ms
   ✓ identifies a missing source binding before creation dispatch without claiming an uncertain Entity commit 4211ms
 ✓ src/application/flint-transient-proof.test.ts (5 tests) 562ms
 ✓ src/demo/public-hosted-version.test.tsx (6 tests) 21015ms
   ✓ ordinary Mutable server and local file actions > switches a loaded workspace through fallback commands and uses the same snapshot for Local Save As 3312ms
   ✓ ordinary Mutable server and local file actions > offers writable Server actions alongside explicit Local actions 2588ms
   ✓ ordinary Mutable server and local file actions > writes Local Documents and self-contained Local Workspaces through browser file handles 6176ms
   ✓ ordinary Mutable server and local file actions > opens a Local Document without contacting the Server 4326ms
   ✓ ordinary Mutable server and local file actions > opens a self-contained Local Workspace from one JSON file 2912ms
   ✓ ordinary Mutable server and local file actions > preserves unavailable presentation data and leaves edits during a local write unsaved 1691ms
 ✓ src/features/entity-references/lifecycle.test.tsx (3 tests) 1216ms
   ✓ disposes open UI, async lookup, bindings, effects and decorations; reactivation preserves authored data 1108ms
 ✓ src/application/flint-backlinks.test.tsx (2 tests) 28142ms
   ✓ follows a live backlink in the invoking Window and refreshes reference removal/Undo without authoring navigation 20207ms
   ✓ refreshes title and binding labels, preserves no-tab source and reports unopened coverage 7929ms
 ✓ server/sqlite-knowledge-host.test.ts (3 tests) 4848ms
   ✓ real native/legacy publication routes schedule saved indexing without altering receipts or providers 3093ms
   ✓ partial pair and missing dependency cannot become complete index evidence; recovery retains exact publication 1449ms
   ✓ actual read-only routes preserve files and report unavailable saved coverage 300ms
 ✓ src/application/document-vault.test.ts (3 tests) 21ms
 ✓ src/application/native-knowledge-scope.test.ts (1 test) 1411ms
   ✓ real NativeSession/vault/worker HTTP composition: saved then live, two consumers, notification without capture, shutdown 1410ms
 ✓ src/persistence/native-session.test.ts (5 tests) 3089ms
   ✓ opens canonically without an occurrence, saves/reopens, and blocks tree/extended/Workspace bypasses 956ms
   ✓ does not refresh a stale client baseline after a rejected Save or Open 1065ms
   ✓ imports Markdown into a new native identity, preserves the source, and keeps locations out of identity 480ms
   ✓ a rejected first destination can be corrected without changing the candidate identity 421ms
 ✓ server/sqlite-saved-scope.test.ts (11 tests) 14260ms
   ✓ real SQL worker/HTTP saved Facts equal the file reader; scopes share the worker and reads never write native files 1829ms
   ✓ external invalidates SQL reads without claiming absence 1513ms
   ✓ save invalidates SQL reads without claiming absence 1708ms
   ✓ sql invalidates SQL reads without claiming absence 1007ms
   ✓ worker invalidates SQL reads without claiming absence 1473ms
   ✓ release invalidates SQL reads without claiming absence 1079ms
   ✓ relocate invalidates SQL reads without claiming absence 1624ms
   ✓ pending invalidates SQL reads without claiming absence 1190ms
   ✓ restart and read-only hosts cannot trust durable rows without fresh validation 929ms
   ✓ incomplete discovery, policy mismatch and request bounds fail explicitly 1061ms
   ✓ cancelled worker queries leave SQL and another reader usable 840ms
 ✓ src/application/sqlite-index-lifecycle.test.ts (3 tests) 28ms
 ✓ server/native-saved-scope.test.ts (15 tests) 4804ms
   ✓ uses one verified discovery epoch across batches, preserves IDs/rich semantics, and writes nothing in a read-only store 1043ms
   ✓ expires the whole read epoch after external duplicate, not just the selected row 479ms
   ✓ expires the whole read epoch after external rename, not just the selected row 348ms
   ✓ rejects incomplete/stale discovery, unknown IDs, oversized batches, expiry and exhausted scope/response budgets 352ms
   ✓ cancellation withdraws an in-flight batch; a new scope can recreate the worker and resume 687ms
   ✓ restarts without persistent epochs and exercises the real HTTP scope/batch routes 485ms
 ✓ server/recognized-document-store.test.ts (4 tests) 9949ms
   ✓ Raven saves in place, survives retry/restart, rejects stale clients and never creates Markdown 3656ms
   ✓ displacement interruption exposes durable recovery after restart and preserves prior bytes 2936ms
   ✓ external replacement during publication is preserved and cannot be confirmed or silently recovered 1650ms
   ✓ duplicate identities and source format changes cannot authorize an in-place save 1705ms
 ✓ src/application/flint-knowledge.test.tsx (12 tests) 54462ms
   ✓ searches unmounted native text/title, reports unopened coverage, and navigates with no canonical or History changes 7389ms
   ✓ uses the invoking Window occurrence; simultaneous occurrences never duplicate matches or steal the other selection 3116ms
   ✓ uses cell-correct Unicode ranges and never joins text across inline images 5267ms
   ✓ creates, follows and removes native references with Undo/Redo; target titles and paths are not identity 16095ms
   ✓ revalidates a displayed result after filesystem removal without mounting or changing bindings 3230ms
   ✓ cancels delayed queries on edits, Undo branches and query replacement without creating projections 2780ms
   ✓ rejects changed locations during a query and reports duplicate discovery without silently rebinding 2131ms
   ✓ cancels a picker and rejects source disappearance without changing the target 2644ms
   ✓ round-trips linked multi-Block references through native Save/Open and removes a mention with ordinary Undo 6420ms
   ✓ excludes outside-vault resources and diagnoses nested resources and unsupported hosted text 2468ms
   ✓ does not rebuild canonical snapshots or run query matching during ordinary typing after a search 1474ms
   ✓ reveals plain UTF-16 text in an inactive nested tab without authoring navigation 1444ms
 ✓ server/native-vault-restart.test.mjs (10 tests) 24045ms
   ✓ recovers from actual SIGKILL at relocation-intent through real routes 4311ms
   ✓ recovers from actual SIGKILL at relocation-after-0 through real routes 2841ms
   ✓ recovers from actual SIGKILL at relocation-after-1 through real routes 2468ms
   ✓ recovers from actual SIGKILL at relocation-after-2 through real routes 2400ms
   ✓ recovers from actual SIGKILL at relocation-receipt-displaced through real routes 2769ms
   ✓ recovers from actual SIGKILL at relocation-before-complete through real routes 3156ms
   ✓ recovers from actual SIGKILL at relocation-complete through real routes 2101ms
   ✓ recovers nonempty directory movement after server death and refuses external interference on recovery 1953ms
   ✓ serializes a concurrent Save against a pending relocation across server processes 1275ms
   ✓ finishes a directory move after actual server death and reopens its unchanged native identity 767ms
 ❯ src/application/flint-vault.test.tsx (15 tests | 1 failed) 57343ms
   ✓ uses the real tree in two Windows, shared native properties and independent occurrences; title never renames files 7868ms
   ✓ moves pairs and directories without changing authored data or generations, and Save uses the new location 6824ms
   ✓ keeps typing and resource-owned relocation alive after both initiating occurrences close 9665ms
   × imports explicitly, preserves source, and exposes collisions as unsaved candidates rather than files 4295ms
     → Import into new native Document enabled: expected true to be false // Object.is equality
   ✓ exposes read-only storage, preserves ordinary editing, and cannot bypass it through Files 1683ms
   ✓ refresh discovers external changes without rebinding or replacing loaded dirty content; ambiguous identities stay unavailable 1962ms
   ✓ preserves unknown authored payloads and incompatible tags, and reports missing owned-resource dependencies 1957ms
   ✓ retains the selected vault across minimize/restore, with no serialized membership or root path 1965ms
   ✓ keeps a lost completion recoverable in the UI even when the durable journal already says relocated 2089ms
   ✓ preserves nested unknown native properties through property editing, Save and fresh Open 2684ms
   ✓ allows an unsaved collision candidate to choose a fresh first-save destination without relocating the existing resource 1696ms
   ✓ relocates a Document containing a native external reference without rewriting its target or saved generation 1672ms
   ✓ reports a vanished location without discarding the live Document or adopting an external same-ID move 1642ms
   ✓ derives vault rows once per publication and retains unchanged DOM rows across binding and discovery updates 8922ms
   ✓ browses physical files and opens a real historical Document without migration or hidden native enrollment 2416ms

⎯⎯⎯⎯⎯⎯⎯ Failed Tests 1 ⎯⎯⎯⎯⎯⎯⎯

 FAIL  src/application/flint-vault.test.tsx > imports explicitly, preserves source, and exposes collisions as unsaved candidates rather than files
AssertionError: Import into new native Document enabled: expected true to be false // Object.is equality

- Expected
+ Received

- false
+ true

 ❯ click src/application/flint-vault.test.tsx:22:111

 ❯ src/application/flint-vault.test.tsx:79:2

⎯⎯⎯⎯⎯⎯⎯⎯⎯⎯⎯⎯⎯⎯⎯⎯⎯⎯⎯⎯⎯⎯⎯⎯[1/1]⎯

 Test Files  1 failed | 20 passed (21)
      Tests  1 failed | 198 passed (199)
   Start at  21:04:46
   Duration  82.57s (transform 37.12s, setup 0ms, collect 115.59s, tests 310.80s, environment 61.45s, prepare 12.64s)

