{
  mode: 'baseline',
  count: 30,
  records: 37562,
  constructionMs: 638.2010829999999,
  initialHeap: 5481608,
  withInput: 79644736,
  withoutInput: 50115824,
  retainedWithInput: 74163128,
  retainedWithoutInput: 44634216,
  inputCollected: true
}
{
  mode: 'qualified',
  count: 30,
  records: 37562,
  constructionMs: 1056.9930000000004,
  initialHeap: 5507184,
  withInput: 89016040,
  withoutInput: 51974256,
  retainedWithInput: 83508856,
  retainedWithoutInput: 46467072,
  inputCollected: true
}
