{
  "backlinks": false,
  "markdownExperiment": false,
  "presentation": "standalone",
  "sceneFramesDuringTyping": 0,
  "characters": 25000,
  "paragraphCharacters": 100,
  "paragraphs": 250,
  "edits": 40,
  "meanMs": 6.060000005364418,
  "medianMs": 2.4000000059604645,
  "p95Ms": 12.699999988079071,
  "maxMs": 119.2000000178814,
  "snapshots": 0,
  "restored": true,
  "unrelatedCellStable": true
}
Real Chrome insertText, Backspace, undo and redo: passed
{
  "split": {
    "splitMs": 29.200000017881393,
    "frameMs": 103.30000001192093,
    "undoMs": 13.5,
    "splitSnapshots": 0,
    "added": true,
    "focusedRight": true,
    "restored": true,
    "unrelatedCellStable": true
  }
}
Real Chrome Enter and split undo: passed
{
  "boundaries": [
    {
      "position": "start",
      "handlerMs": 5.699999988079071,
      "frameMs": 148.90000000596046,
      "undoMs": 2.699999988079071,
      "snapshots": 0,
      "added": true,
      "focusCorrect": true,
      "restored": true,
      "unrelatedCellStable": true
    },
    {
      "position": "end",
      "handlerMs": 4.100000023841858,
      "frameMs": 117.80000001192093,
      "undoMs": 3.7999999821186066,
      "snapshots": 0,
      "added": true,
      "focusCorrect": true,
      "restored": true,
      "unrelatedCellStable": true
    },
    {
      "position": "empty",
      "handlerMs": 3.699999988079071,
      "frameMs": 47,
      "undoMs": 5.700000017881393,
      "snapshots": 0,
      "added": true,
      "focusCorrect": true,
      "restored": true,
      "unrelatedCellStable": true
    }
  ]
}
node:internal/modules/run_main:122
    triggerUncaughtException(
    ^

[Error: ENOTEMPTY: directory not empty, rmdir '/var/folders/q0/2ktlxrj54ygdjxkg2vx_b30r0000gn/T/speedy-typing-bench-QCuHfy/Default'] {
  errno: -66,
  code: 'ENOTEMPTY',
  syscall: 'rmdir',
  path: '/var/folders/q0/2ktlxrj54ygdjxkg2vx_b30r0000gn/T/speedy-typing-bench-QCuHfy/Default'
}

Node.js v22.12.0
