
 RUN  v2.1.9 /Users/iianneill/Documents/GitHub/speedy-ts-reactive

[baseline-browser-mapping] The data in this module is over two months old.  To ensure accurate Baseline data, please update: `npm i baseline-browser-mapping@latest -D`
 ✓ src/block-tree/block-tree.test.ts (18 tests) 81ms
 ✓ src/block-tree/identity.test.ts (10 tests) 192ms
 ✓ src/block-tree/portable-spike/codec.test.ts (31 tests) 258ms
 ❯ src/block-tree/commit-capture.test.ts (10 tests | 1 failed) 1209ms
   ✓ repository commit results > replays every intermediate Unicode edit, undo/redo and branch deterministically 318ms
   × repository commit results > never snapshots, serializes or enumerates the whole graph for strict captured typing and Enter 487ms
     → expected true to be false // Object.is equality
 ✓ src/qualification/native-b1/compatibility.test.ts (13 tests) 1448ms
   ✓ B1.1 resource-aware definitions > keeps definitions in their canonical Document through native reopen, edit/delete and shared-occurrence undo 423ms
 ✓ src/history/stage-c-gates/resource.test.ts (9 tests) 167ms
 ✓ src/qualification/native-b1/owned-resources.test.ts (10 tests) 1287ms
 ✓ src/qualification/native-b1/resource.test.tsx (28 tests) 3139ms
   ✓ B1 isolated canonical native proof > rich producers: capture, UTF-8 bytes, fresh decode, shared-host admission, editing, undo/redo and re-save 734ms
   ✓ B1 compatibility findings after B1.2 > actual rich clipboard paste preserves own undefined dimensions through native bytes and admission 501ms
 ✓ src/qualification/native-knowledge/index.test.ts (13 tests) 10377ms
   ✓ extracts canonical identity, tags, text and typed facts with no editor/repository admission or native changes 404ms
   ✓ derives inverse references, Entity mentions and sources without storing authored reverse edges 964ms
   ✓ replaces one contribution without stale tags, incoming edges or entity aggregates 1503ms
   ✓ keeps unknown annotations typed, ignores deleted/client-only references, rejects unknown reserved native fields 348ms
   ✓ does not cross owned-external resource boundaries or resolve foreign definitions by guess 575ms
   ✓ reads mixed native suffixes but never Markdown; hides internal paths and diagnoses symlinks 883ms
   ✓ fails closed on duplicate identity and conventional stem-pair collision without picking a winner 1049ms
   ✓ suppresses saved contribution immediately, defers capture, follows Undo/Redo and cannot resurrect stale disk on disposal 2294ms
   ✓ drops stale overlay extraction and keeps disappeared/ambiguous loaded sources suppressed 1104ms
   ✓ keeps inline typing free of snapshots and synchronous overlay capture 940ms
 ✓ src/block-tree/undo-storage-parity.test.ts (7 tests) 16557ms
   ✓ ordinary undo storage semantic parity with full-operation snapshots > preserves every intermediate Unicode edit, counter and branch for seed 7129 4900ms
   ✓ ordinary undo storage semantic parity with full-operation snapshots > preserves every intermediate Unicode edit, counter and branch for seed 305419896 6331ms
   ✓ ordinary undo storage semantic parity with full-operation snapshots > preserves every intermediate Unicode edit, counter and branch for seed 3735928559 4496ms
   ✓ ordinary undo storage semantic parity with full-operation snapshots > preserves split/join, moves/copies, shared content, annotations, inline atoms and transactions 469ms
 ✓ src/application/canonical-backlinks.test.ts (10 tests) 470ms
 ✓ src/qualification/native-knowledge/boundary.test.ts (16 tests) 18467ms
   ✓ returns ready cold evidence without enumerating either repository dictionary 1198ms
   ✓ matches general target and unrelated structure and expires every old token 2708ms
   ✓ retains unplaced definitions, rejects outside ownership and tracks retention changes 3912ms
   ✓ preserves nested Document boundaries and registration as non-owning retention 2565ms
   ✓ rejects resource ownership cycles and duplicate claims without expiring admitted tokens; reference cycles remain legal 3009ms
   ✓ preserves resolved external ownership, registration precedence and token-safe incoming evidence 2685ms
   ✓ rejects cross-resource shared Cells after a certified leaf edit, without rescanning globally 2252ms
 ✓ src/qualification/native-b2/markdown.test.tsx (11 tests) 826ms
 ✓ src/qualification/native-knowledge/live-observer.test.ts (30 tests) 25536ms
   ✓ repository boundary qualification=false > matches complete Facts for canonical fixtures and actual rich native producers 638ms
   ✓ repository boundary qualification=false > observes changed native text/annotations and Undo/Redo without capture or snapshots 1360ms
   ✓ repository boundary qualification=false > revalidates metadata/structural changes instead of reusing an inline proof 778ms
   ✓ repository boundary qualification=false > rejects cancellation, stale completion, disappearing identity and disposed observation 961ms
   ✓ repository boundary qualification=false > retains binding/discovery/pending and ambiguity eligibility guards 568ms
   ✓ repository boundary qualification=false > matches Entity/Document separation, tagged unknown values, inline images and foreign definitions 584ms
   ✓ repository boundary qualification=false > applies the same explicit opaque-host profile to reference and live observation 568ms
   ✓ repository boundary qualification=false > matches retained definitions, margins, reference cycles and graph-2 owned-external boundaries 813ms
   ✓ repository boundary qualification=false > rejects shared Cells even when the inline-edit hint preserves the structural proof 519ms
   ✓ repository boundary qualification=false > rechecks authored Block identities even on payload-only inline hints 815ms
   ✓ repository boundary qualification=false > does not mutate canonical content, revision or history and checks binding changes at completion 1458ms
   ✓ repository boundary qualification=false > reports missing definitions and rejects annotation-budget excess without publishing partial facts 933ms
   ✓ repository boundary qualification=false > does not absorb a locally loaded owned child Document into its owner contribution 1365ms
   ✓ repository boundary qualification=false > rejects retained content that also has a structural owner outside the Document 513ms
   ✓ repository boundary qualification=false > matches legacy Workspace definition provenance without adopting it as Document-owned 723ms
   ✓ repository boundary qualification=true > matches complete Facts for canonical fixtures and actual rich native producers 664ms
   ✓ repository boundary qualification=true > observes changed native text/annotations and Undo/Redo without capture or snapshots 1219ms
   ✓ repository boundary qualification=true > revalidates metadata/structural changes instead of reusing an inline proof 1174ms
   ✓ repository boundary qualification=true > rejects cancellation, stale completion, disappearing identity and disposed observation 999ms
   ✓ repository boundary qualification=true > retains binding/discovery/pending and ambiguity eligibility guards 1577ms
   ✓ repository boundary qualification=true > matches Entity/Document separation, tagged unknown values, inline images and foreign definitions 606ms
   ✓ repository boundary qualification=true > applies the same explicit opaque-host profile to reference and live observation 595ms
   ✓ repository boundary qualification=true > matches retained definitions, margins, reference cycles and graph-2 owned-external boundaries 547ms
   ✓ repository boundary qualification=true > rejects shared Cells even when the inline-edit hint preserves the structural proof 568ms
   ✓ repository boundary qualification=true > rechecks authored Block identities even on payload-only inline hints 504ms
   ✓ repository boundary qualification=true > does not mutate canonical content, revision or history and checks binding changes at completion 953ms
   ✓ repository boundary qualification=true > reports missing definitions and rejects annotation-budget excess without publishing partial facts 1045ms
   ✓ repository boundary qualification=true > does not absorb a locally loaded owned child Document into its owner contribution 1263ms
   ✓ repository boundary qualification=true > rejects retained content that also has a structural owner outside the Document 510ms
   ✓ repository boundary qualification=true > matches legacy Workspace definition provenance without adopting it as Document-owned 712ms
 ✓ src/block-tree/definition-ownership.test.ts (9 tests) 230ms
 ✓ src/application/flint-knowledge.test.tsx (12 tests) 24141ms
   ✓ searches unmounted native text/title, reports unopened coverage, and navigates with no canonical or History changes 2820ms
   ✓ uses the invoking Window occurrence; simultaneous occurrences never duplicate matches or steal the other selection 1702ms
   ✓ uses cell-correct Unicode ranges and never joins text across inline images 1491ms
   ✓ creates, follows and removes native references with Undo/Redo; target titles and paths are not identity 5924ms
   ✓ revalidates a displayed result after filesystem removal without mounting or changing bindings 2292ms
   ✓ cancels delayed queries on edits, Undo branches and query replacement without creating projections 1027ms
   ✓ rejects changed locations during a query and reports duplicate discovery without silently rebinding 906ms
   ✓ cancels a picker and rejects source disappearance without changing the target 1355ms
   ✓ round-trips linked multi-Block references through native Save/Open and removes a mention with ordinary Undo 3346ms
   ✓ excludes outside-vault resources and diagnoses nested resources and unsupported hosted text 1410ms
   ✓ does not rebuild canonical snapshots or run query matching during ordinary typing after a search 890ms
   ✓ reveals plain UTF-16 text in an inactive nested tab without authoring navigation 974ms
 ✓ src/history/stage-c-gates/portable.test.ts (4 tests) 92ms
 ✓ src/persistence/native-vault-session.test.ts (8 tests) 5356ms
   ✓ changes only the resource binding with zero occurrences and rejects automatic same-ID adoption by another session 1906ms
   ✓ retains edits and shared identity across two occurrences and their disposal during relocation 905ms
   ✓ queues Save behind relocation so it uses the confirmed new binding 426ms
   ✓ recovers an uncertain response through the same resource-owned operation 501ms
   ✓ a newer discovery result cannot replace a stale live baseline to authorize relocation 517ms
   ✓ a fresh session can recover a recorded operation without adopting any live binding 665ms
 ✓ src/block-tree/inline-performance.test.ts (14 tests) 14111ms
   ✓ incremental inline editing (capture=false) > matches fully planned edits and annotation mapping over a deterministic Unicode edit sequence 1902ms
   ✓ incremental inline editing (capture=false) > does no whole-document snapshots or occurrence rebuilds in a 25k document, including undo/redo 4248ms
   ✓ incremental inline editing (capture=true) > matches fully planned edits and annotation mapping over a deterministic Unicode edit sequence 2969ms
   ✓ incremental inline editing (capture=true) > does no whole-document snapshots or occurrence rebuilds in a 25k document, including undo/redo 4019ms
 ✓ src/block-tree/cross-text-edit.test.ts (7 tests) 268ms
 ✓ src/block-tree/compact-changes.test.ts (9 tests) 15760ms
   ✓ compact exact capture > matches full capture and every live revision through text, structure and undo 510ms
   ✓ compact exact capture > copies only changed sequence keys for 5600 character typing and undo 2323ms
   ✓ compact exact capture > copies only changed sequence keys for 25000 character typing and undo 12533ms
 ✓ src/persistence/native-session.test.ts (5 tests) 2819ms
   ✓ opens canonically without an occurrence, saves/reopens, and blocks tree/extended/Workspace bypasses 799ms
   ✓ does not refresh a stale client baseline after a rejected Save or Open 1127ms
   ✓ imports Markdown into a new native identity, preserves the source, and keeps locations out of identity 368ms
   ✓ a rejected first destination can be corrected without changing the candidate identity 307ms
 ✓ src/block-tree/margin-commands.test.ts (3 tests) 389ms
   ✓ margin commands > preserves both sides, text and annotations through creation, persistence and undo/redo 321ms
 ✓ src/block-tree/compatibility-fixtures.test.ts (2 tests) 20ms
 ✓ src/block-tree/block-restore.test.ts (16 tests) 683ms
 ✓ src/block-tree/undo-storage.test.ts (5 tests) 9529ms
   ✓ private undo sequence storage > round-trips every stored version across seeded insertion, deletion and replacement 1479ms
   ✓ private undo sequence storage > shares unchanged 25k sequences and bounds fragmentation across repeated small edits 8000ms
 ✓ src/qualification/native-knowledge/live-overlay.test.ts (2 tests) 6635ms
   ✓ suppresses immediately, rejects stale completions and never falls back on disposal 2087ms
   ✓ supports ten independently registered canonical resources without mounting them 4547ms
 ✓ src/block-tree/split-performance.test.ts (12 tests) 38662ms
   ✓ incremental paragraph splitting (capture=false) > inserts empty siblings across shared parent views without touching existing paragraphs 2075ms
   ✓ incremental paragraph splitting (capture=false) > rejects a nonempty or detached paragraph from the empty insertion fast path 1656ms
   ✓ incremental paragraph splitting (capture=false) > splits and restores annotations and Cell identities without snapshots, including redo and another split 3627ms
   ✓ incremental paragraph splitting (capture=false) > updates transcluded paragraphs in multiple views without rebuilding unrelated occurrences 5702ms
   ✓ incremental paragraph splitting (capture=false) > rejects Cell theft, duplicate ownership and detached new paragraphs from the fast path 2256ms
   ✓ incremental paragraph splitting (capture=false) > falls back safely for inline atoms and maintains indexes for the next plain-text split 4065ms
   ✓ incremental paragraph splitting (capture=true) > inserts empty siblings across shared parent views without touching existing paragraphs 1761ms
   ✓ incremental paragraph splitting (capture=true) > rejects a nonempty or detached paragraph from the empty insertion fast path 1909ms
   ✓ incremental paragraph splitting (capture=true) > splits and restores annotations and Cell identities without snapshots, including redo and another split 4285ms
   ✓ incremental paragraph splitting (capture=true) > updates transcluded paragraphs in multiple views without rebuilding unrelated occurrences 6001ms
   ✓ incremental paragraph splitting (capture=true) > rejects Cell theft, duplicate ownership and detached new paragraphs from the fast path 2468ms
   ✓ incremental paragraph splitting (capture=true) > falls back safely for inline atoms and maintains indexes for the next plain-text split 2854ms
 ✓ src/qualification/native-knowledge/lightweight.test.ts (38 tests) 50956ms
   ✓ matches every fact in 24 seeded native fixtures with distinct resource/root IDs 10600ms
   ✓ matches actual native feature producers and historical value profiles 1955ms
   ✓ matches Unicode/Cell coordinates and inline-image boundaries across split/adjacent spans 514ms
   ✓ matches unsupported values, linked mention provenance, deleted/client-only and duplicate IDs 2088ms
   ✓ retains external ownership/reference and unplaced-definition validation 1281ms
   ✓ invalid native input is rejected by both paths > invalid UTF-8 and JSON 1454ms
   ✓ matches explicit annotation-budget failure and cancellation 8585ms
   ✓ matches traversal truncation without claiming complete coverage 20364ms
   ✓ preserves duplicate suppression even if the duplicate would exceed facts budgets 1228ms
   ✓ preserves tagged unknown annotation values exactly and rejects corrupt value tags 349ms

⎯⎯⎯⎯⎯⎯⎯ Failed Tests 1 ⎯⎯⎯⎯⎯⎯⎯

 FAIL  src/block-tree/commit-capture.test.ts > repository commit results > never snapshots, serializes or enumerates the whole graph for strict captured typing and Enter
AssertionError: expected true to be false // Object.is equality

- Expected
+ Received

- false
+ true

 ❯ src/block-tree/commit-capture.test.ts:249:149
    247|       expect(stringify.mock.calls.some(([value]) => value === state ||…
    248|         (value && typeof value === "object" && "contents" in value && …
    249|       for (const enumerator of enumerators) expect(enumerator.mock.cal…
       |                                                                                                                                                     ^
    250|       expect(s.events).toHaveLength(9);
    251|       expect(s.errors).toEqual([]);

⎯⎯⎯⎯⎯⎯⎯⎯⎯⎯⎯⎯⎯⎯⎯⎯⎯⎯⎯⎯⎯⎯⎯⎯[1/1]⎯

 Test Files  1 failed | 28 passed (29)
      Tests  1 failed | 361 passed (362)
   Start at  14:37:08
   Duration  64.02s (transform 11.51s, setup 0ms, collect 38.20s, tests 249.66s, environment 40.25s, prepare 6.53s)

JSON report written to /Users/iianneill/Documents/GitHub/speedy-ts-reactive/artifacts/resource-boundary/qualification-results.json
