
> speedy-ts-reactive@0.0.0 pretest:sqlite
> node scripts/build-sqlite-foundation.mjs


> speedy-ts-reactive@0.0.0 test:sqlite
> node --test src/knowledge-sqlite/*.test.mjs

TAP version 13
# Subtest: save racing a prepared background stage never publishes the old candidate
ok 1 - save racing a prepared background stage never publishes the old candidate
  ---
  duration_ms: 1512.672708
  ...
# Subtest: relocate racing a prepared background stage never publishes the old candidate
ok 2 - relocate racing a prepared background stage never publishes the old candidate
  ---
  duration_ms: 2680.72125
  ...
# Subtest: recovery racing a prepared background stage never publishes the old candidate
ok 3 - recovery racing a prepared background stage never publishes the old candidate
  ---
  duration_ms: 784.164666
  ...
# Subtest: external racing a prepared background stage never publishes the old candidate
ok 4 - external racing a prepared background stage never publishes the old candidate
  ---
  duration_ms: 495.898667
  ...
# Subtest: duplicate-resource racing a prepared background stage never publishes the old candidate
ok 5 - duplicate-resource racing a prepared background stage never publishes the old candidate
  ---
  duration_ms: 426.07725
  ...
# Subtest: duplicate-block racing a prepared background stage never publishes the old candidate
ok 6 - duplicate-block racing a prepared background stage never publishes the old candidate
  ---
  duration_ms: 499.232417
  ...
# Subtest: worker-failure racing a prepared background stage never publishes the old candidate
ok 7 - worker-failure racing a prepared background stage never publishes the old candidate
  ---
  duration_ms: 638.124833
  ...
# Subtest: foreground racing guarded SQL publication releases the critical section safely
ok 8 - foreground racing guarded SQL publication releases the critical section safely
  ---
  duration_ms: 697.166833
  ...
# Subtest: worker racing guarded SQL publication releases the critical section safely
ok 9 - worker racing guarded SQL publication releases the critical section safely
  ---
  duration_ms: 756.754959
  ...
# Subtest: prepared SQL comparison expires on an external connection change even with unchanged Resource baseline
ok 10 - prepared SQL comparison expires on an external connection change even with unchanged Resource baseline
  ---
  duration_ms: 148.493875
  ...
# Subtest: external change immediately after SQL commit invalidates publication and retains stale rows as non-current
ok 11 - external change immediately after SQL commit invalidates publication and retains stale rows as non-current
  ---
  duration_ms: 476.950833
  ...
# Subtest: worker failure after a committed transaction gives unknown coverage without replay; reopen revalidates
ok 12 - worker failure after a committed transaction gives unknown coverage without replay; reopen revalidates
  ---
  duration_ms: 576.789625
  ...
# Subtest: worker init, bounded queue, graceful shutdown, restart and explicit read-only mode
ok 13 - worker init, bounded queue, graceful shutdown, restart and explicit read-only mode
  ---
  duration_ms: 475.111083
  ...
# Subtest: one writer, simultaneous read-only inspection, worker termination releases lock
ok 14 - one writer, simultaneous read-only inspection, worker termination releases lock
  ---
  duration_ms: 636.102583
  ...
# Subtest: worker timeout fails explicitly and recreation is possible without automatic replay
ok 15 - worker timeout fails explicitly and recreation is possible without automatic replay
  ---
  duration_ms: 194.409292
  ...
# Subtest: independent vault workers retain distinct identities and release their own leases
ok 16 - independent vault workers retain distinct identities and release their own leases
  ---
  duration_ms: 217.670291
  ...
# Subtest: bounded busy failure leaves canonical/derived rows intact and permits explicit retry
ok 17 - bounded busy failure leaves canonical/derived rows intact and permits explicit retry
  ---
  duration_ms: 1198.6915
  ...
# Subtest: OS process death rolls back a transaction and WAL reopens with the committed state
ok 18 - OS process death rolls back a transaction and WAL reopens with the committed state
  ---
  duration_ms: 258.246083
  ...
# Subtest: audit missing does not prevent current knowledge reads
ok 19 - audit missing does not prevent current knowledge reads
  ---
  duration_ms: 124.950125
  ...
# Subtest: audit corrupt does not prevent current knowledge reads
ok 20 - audit corrupt does not prevent current knowledge reads
  ---
  duration_ms: 124.759708
  ...
# Subtest: audit wrong-vault does not prevent current knowledge reads
ok 21 - audit wrong-vault does not prevent current knowledge reads
  ---
  duration_ms: 128.6815
  ...
# Subtest: audit future-version does not prevent current knowledge reads
ok 22 - audit future-version does not prevent current knowledge reads
  ---
  duration_ms: 125.625209
  ...
# Subtest: current corrupt is rejected, never reset
ok 23 - current corrupt is rejected, never reset
  ---
  duration_ms: 107.393834
  ...
# Subtest: current future-version is rejected, never reset
ok 24 - current future-version is rejected, never reset
  ---
  duration_ms: 108.496917
  ...
# Subtest: current schema-drift is rejected, never reset
ok 25 - current schema-drift is rejected, never reset
  ---
  duration_ms: 105.347542
  ...
# Subtest: missing current database next to audit is not recreated, even by init
ok 26 - missing current database next to audit is not recreated, even by init
  ---
  duration_ms: 101.737459
  ...
# Subtest: initialization is explicit and read-only cannot initialize or restore
ok 27 - initialization is explicit and read-only cannot initialize or restore
  ---
  duration_ms: 197.733208
  ...
# Subtest: rejects symlink home before SQLite touches it
ok 28 - rejects symlink home before SQLite touches it
  ---
  duration_ms: 120.251291
  ...
# Subtest: rejects symlink mutable.db before SQLite touches it
ok 29 - rejects symlink mutable.db before SQLite touches it
  ---
  duration_ms: 107.84075
  ...
# Subtest: rejects symlink mutable.db-wal before SQLite touches it
ok 30 - rejects symlink mutable.db-wal before SQLite touches it
  ---
  duration_ms: 121.830958
  ...
# Subtest: rejects symlink writer.lock before SQLite touches it
ok 31 - rejects symlink writer.lock before SQLite touches it
  ---
  duration_ms: 121.373792
  ...
# Subtest: rejects hard-linked canonical databases
ok 32 - rejects hard-linked canonical databases
  ---
  duration_ms: 132.407083
  ...
# Subtest: WAL-aware online backup restores current knowledge, independent audit and explicit stale derived rows
ok 33 - WAL-aware online backup restores current knowledge, independent audit and explicit stale derived rows
  ---
  duration_ms: 371.432625
  ...
# Subtest: restore rejects corrupted snapshot bytes before publication
ok 34 - restore rejects corrupted snapshot bytes before publication
  ---
  duration_ms: 191.027583
  ...
# Subtest: backup remains available without audit and does not invent missing history on restore
ok 35 - backup remains available without audit and does not invent missing history on restore
  ---
  duration_ms: 298.917542
  ...
# Subtest: CLI disposable reset is guarded against user files, ordinary vaults and active writers
ok 36 - CLI disposable reset is guarded against user files, ordinary vaults and active writers
  ---
  duration_ms: 1669.478417
  ...
# Subtest: two leases share one worker; status uses current fence, release is independent and restart is unknown
ok 37 - two leases share one worker; status uses current fence, release is independent and restart is unknown
  ---
  duration_ms: 757.890458
  ...
# Subtest: unknown candidate cannot turn missing file into deletion; refresh recovers only after complete evidence
ok 38 - unknown candidate cannot turn missing file into deletion; refresh recovers only after complete evidence
  ---
  duration_ms: 299.698917
  ...
# Subtest: foreground bypasses paused background staging, keeps publication successful and resumes from authoritative bytes
ok 39 - foreground bypasses paused background staging, keeps publication successful and resumes from authoritative bytes
  ---
  duration_ms: 266.342334
  ...
# Subtest: storage still works after SQL worker failure; no automatic transaction replay
ok 40 - storage still works after SQL worker failure; no automatic transaction replay
  ---
  duration_ms: 211.715042
  ...
# Subtest: read-only missing/existing database never initializes or reconciles and cannot claim coverage
ok 41 - read-only missing/existing database never initializes or reconciles and cannot claim coverage
  ---
  duration_ms: 309.693708
  ...
# Subtest: confines roots, rejects overlaps and conflicting policy, and expires abandoned leases
ok 42 - confines roots, rejects overlaps and conflicting policy, and expires abandoned leases
  ---
  duration_ms: 497.47525
  ...
# Subtest: authoritative legacy reconcile, changed-one-Block diff, external edit, identity-preserving move and restart
ok 43 - authoritative legacy reconcile, changed-one-Block diff, external edit, identity-preserving move and restart
  ---
  duration_ms: 981.725834
  ...
# Subtest: confirmed deletion removes only derived source rows; canonical knowledge and other incoming assertions survive
ok 44 - confirmed deletion removes only derived source rows; canonical knowledge and other incoming assertions survive
  ---
  duration_ms: 335.863667
  ...
# Subtest: malformed discovery is incomplete, never deletion authority
ok 45 - malformed discovery is incomplete, never deletion authority
  ---
  duration_ms: 248.684708
  ...
# Subtest: duplicate discovery is incomplete, never deletion authority
ok 46 - duplicate discovery is incomplete, never deletion authority
  ---
  duration_ms: 215.1425
  ...
# Subtest: duplicate-block discovery is incomplete, never deletion authority
ok 47 - duplicate-block discovery is incomplete, never deletion authority
  ---
  duration_ms: 201.387125
  ...
# Subtest: symlink discovery is incomplete, never deletion authority
ok 48 - symlink discovery is incomplete, never deletion authority
  ---
  duration_ms: 301.760709
  ...
# Subtest: inspection-failure discovery is incomplete, never deletion authority
ok 49 - inspection-failure discovery is incomplete, never deletion authority
  ---
  duration_ms: 183.990958
  ...
# Subtest: edit between staging and commit cannot publish stale or partial rows
ok 50 - edit between staging and commit cannot publish stale or partial rows
  ---
  duration_ms: 169.880542
  ...
# Subtest: new-duplicate between staging and commit cannot publish stale or partial rows
ok 51 - new-duplicate between staging and commit cannot publish stale or partial rows
  ---
  duration_ms: 171.441
  ...
# Subtest: cancel between staging and commit cannot publish stale or partial rows
ok 52 - cancel between staging and commit cannot publish stale or partial rows
  ---
  duration_ms: 149.160416
  ...
# Subtest: file reappearance during confirmed deletion prevents removal
ok 53 - file reappearance during confirmed deletion prevents removal
  ---
  duration_ms: 147.929833
  ...
# Subtest: worker stage tokens expire on supersession and do not replay across a changed SQL baseline
ok 54 - worker stage tokens expire on supersession and do not replay across a changed SQL baseline
  ---
  duration_ms: 136.921667
  ...
# Subtest: rebuild CLI uses authoritative files and clears old issues only after successful reconciliation
ok 55 - rebuild CLI uses authoritative files and clears old issues only after successful reconciliation
  ---
  duration_ms: 419.408666
  ...
# Subtest: read-only mode rejects indexing and preserves database bytes
ok 56 - read-only mode rejects indexing and preserves database bytes
  ---
  duration_ms: 180.213625
  ...
# Subtest: managed native pair relocation changes only SQL location; native, Markdown and receipt generations stay unchanged
ok 57 - managed native pair relocation changes only SQL location; native, Markdown and receipt generations stay unchanged
  ---
  duration_ms: 688.925958
  ...
# Subtest: external native move is not silently rebound; pair pending is not index publication evidence
ok 58 - external native move is not silently rebound; pair pending is not index publication evidence
  ---
  duration_ms: 416.7135
  ...
# Subtest: pending native/Markdown publication preserves the previous projection until recovery
ok 59 - pending native/Markdown publication preserves the previous projection until recovery
  ---
  duration_ms: 615.412375
  ...
# Subtest: fresh/repeated migration preserves identities, checksums and independent databases
ok 60 - fresh/repeated migration preserves identities, checksums and independent databases
  ---
  duration_ms: 49.840709
  ...
# Subtest: rejects future version without mutating database
ok 61 - rejects future version without mutating database
  ---
  duration_ms: 9.8425
  ...
# Subtest: rejects version disagreement without mutating database
ok 62 - rejects version disagreement without mutating database
  ---
  duration_ms: 8.93575
  ...
# Subtest: rejects checksum without mutating database
ok 63 - rejects checksum without mutating database
  ---
  duration_ms: 10.922375
  ...
# Subtest: rejects kind without mutating database
ok 64 - rejects kind without mutating database
  ---
  duration_ms: 22.019833
  ...
# Subtest: rejects value grammar without mutating database
ok 65 - rejects value grammar without mutating database
  ---
  duration_ms: 18.236625
  ...
# Subtest: rejects application id without mutating database
ok 66 - rejects application id without mutating database
  ---
  duration_ms: 23.785375
  ...
# Subtest: rejects missing index without mutating database
ok 67 - rejects missing index without mutating database
  ---
  duration_ms: 17.95125
  ...
# Subtest: rejects extra schema without mutating database
ok 68 - rejects extra schema without mutating database
  ---
  duration_ms: 21.073042
  ...
# Subtest: failed future migration rolls back DDL, data and migration metadata together
ok 69 - failed future migration rolls back DDL, data and migration metadata together
  ---
  duration_ms: 13.564041
  ...
# Subtest: successful future migration is transactional and repeatable; old runner rejects it
ok 70 - successful future migration is transactional and repeatable; old runner rejects it
  ---
  duration_ms: 16.240584
  ...
# Subtest: Entity identity, alias origins, relationship endpoints and strict authored-value storage
ok 71 - Entity identity, alias origins, relationship endpoints and strict authored-value storage
  ---
  duration_ms: 11.653334
  ...
# Subtest: source consistency, unresolved targets, linked segments and half-open ranges
ok 72 - source consistency, unresolved targets, linked segments and half-open ranges
  ---
  duration_ms: 12.586584
  ...
# Subtest: FTS trigger/update/delete/rebuild/rollback parity and inline-object boundaries
ok 73 - FTS trigger/update/delete/rebuild/rollback parity and inline-object boundaries
  ---
  duration_ms: 11.785584
  ...
# Subtest: derived clearing preserves canonical knowledge and pending audit; never claims repopulation
ok 74 - derived clearing preserves canonical knowledge and pending audit; never claims repopulation
  ---
  duration_ms: 12.210625
  ...
# Subtest: representative query plans have indexed access in both directions and for ranges
ok 75 - representative query plans have indexed access in both directions and for ranges
  ---
  duration_ms: 7.095292
  ...
# Subtest: audit constraints and rollback are isolated from current state
ok 76 - audit constraints and rollback are isolated from current state
  ---
  duration_ms: 11.213834
  ...
1..76
# tests 76
# suites 0
# pass 76
# fail 0
# cancelled 0
# skipped 0
# todo 0
# duration_ms 10124.073084
