[baseline-browser-mapping] The data in this module is over two months old.  To ensure accurate Baseline data, please update: `npm i baseline-browser-mapping@latest -D`
(node:40826) [DEP0060] DeprecationWarning: The `util._extend` API is deprecated. Please use Object.assign() instead.
(Use `node --trace-deprecation ...` to show where the warning was created)
3:21:25 PM [vite] http proxy error at /api/sqlite/knowledge/status:
Error: connect ECONNREFUSED 127.0.0.1:53943
    at TCPConnectWrap.afterConnect [as oncomplete] (node:net:1615:16)
3:21:25 PM [vite] http proxy error at /api/native/vault/discover:
Error: connect ECONNREFUSED 127.0.0.1:53943
    at TCPConnectWrap.afterConnect [as oncomplete] (node:net:1615:16)
3:21:25 PM [vite] http proxy error at /api/sqlite/knowledge/status:
Error: connect ECONNREFUSED 127.0.0.1:53943
    at TCPConnectWrap.afterConnect [as oncomplete] (node:net:1615:16)
3:21:25 PM [vite] http proxy error at /api/native/vault/discover:
Error: connect ECONNREFUSED 127.0.0.1:53943
    at TCPConnectWrap.afterConnect [as oncomplete] (node:net:1615:16)
{"requestId":"40912.457","timestamp":253062.735294,"type":"Fetch","errorText":"net::ERR_ABORTED","canceled":true}
{
  "passed": 13,
  "checks": [
    "actual LER/HTTP/worker creation links he without replacing prose",
    "native Undo removes annotation only",
    "explicit alias resolution preserves provenance",
    "live unsaved mention is resolver evidence without becoming an alias",
    "Replace and Link is one Undo unit",
    "canonical name edits never rewrite Resource bytes",
    "Entity references survive native pair relocation",
    "restart/native reopen retains canonical GUID, current name and alias",
    "native references retain stable canonical GUID after rename/restart",
    "panel restores invoking occurrence focus",
    "confirmed creation after stale target can bind a fresh native selection",
    "native mentions never manufacture aliases or Relationships",
    "no uncaught browser exceptions"
  ]
}
