
 RUN  v2.1.9 /Users/iianneill/Documents/GitHub/speedy-ts-reactive

[baseline-browser-mapping] The data in this module is over two months old.  To ensure accurate Baseline data, please update: `npm i baseline-browser-mapping@latest -D`
 ✓ src/block-tree/block-tree.test.ts (18 tests) 33ms
 ✓ src/features/grouping/group-selection.test.ts (8 tests) 124ms
 ✓ src/application/jet-stage-a-proof.test.ts (5 tests) 123ms
 ✓ src/application/flint-transient-proof.test.ts (5 tests) 184ms
 ✓ src/reactive-editor/workspace-manifest.test.ts (4 tests) 53ms
 ✓ src/rendering/window-icon.test.tsx (6 tests) 566ms
 ✓ src/rendering/standoff-editor-view.test.tsx (23 tests) 1044ms
 ✓ src/features/grouping/lifecycle.test.tsx (5 tests) 318ms
 ✓ src/reactive-editor/local-workspace.test.ts (4 tests) 96ms
 ✓ src/features/entity-references/lifecycle.test.tsx (3 tests) 548ms
   ✓ disposes open UI, async lookup, bindings, effects and decorations; reactivation preserves authored data 522ms
 ✓ src/runtime/range-annotations.test.ts (5 tests) 151ms
 ✓ src/features/grouping/policy.test.ts (3 tests) 7ms
 ✓ src/application/feature-capabilities.test.tsx (2 tests) 74ms
 ✓ src/runtime/linked-annotations.test.ts (1 test) 28ms
 ✓ src/features/grouping/document-style-bar.test.tsx (30 tests) 3187ms
   ✓ DocumentWindow annotation toolbar (compact=true) > exposes every canonical style and both colours, creating inclusive Cell ranges with IDs 1398ms
 ✓ src/application/flint-lifecycle.test.tsx (12 tests) 2499ms
   ✓ Flint composite transient hosting > mounts one ordinary editor, restores selection across tab switches, and releases occurrence state 781ms
   ✓ Flint composite transient hosting > owns Entity panel focus and cancels asynchronous work when its tab disappears 489ms

 Test Files  16 passed (16)
      Tests  134 passed (134)
   Start at  16:24:04
   Duration  7.76s (transform 6.63s, setup 0ms, collect 23.76s, tests 9.04s, environment 9.39s, prepare 1.43s)

