
 RUN  v2.1.9 /Users/iianneill/Documents/GitHub/speedy-ts-reactive

[baseline-browser-mapping] The data in this module is over two months old.  To ensure accurate Baseline data, please update: `npm i baseline-browser-mapping@latest -D`
 ✓ src/history/stage-c-gates/resource.test.ts (9 tests) 192ms
 ✓ src/qualification/native-b1/owned-resources.test.ts (10 tests) 1081ms
 ✓ src/qualification/native-b1/compatibility.test.ts (13 tests) 1588ms
   ✓ B1.1 resource-aware definitions > keeps definitions in their canonical Document through native reopen, edit/delete and shared-occurrence undo 400ms
 ✓ src/application/canonical-backlinks.test.ts (10 tests) 338ms
 ✓ src/history/stage-c-gates/portable.test.ts (4 tests) 95ms
 ✓ src/qualification/native-b2/markdown.test.tsx (11 tests) 875ms
   ✓ B2 consumed Markdown > consumes **bold* with one conversion Undo/Redo 308ms
 ✓ src/qualification/native-knowledge/index.test.ts (13 tests) 7326ms
   ✓ extracts canonical identity, tags, text and typed facts with no editor/repository admission or native changes 348ms
   ✓ derives inverse references, Entity mentions and sources without storing authored reverse edges 719ms
   ✓ replaces one contribution without stale tags, incoming edges or entity aggregates 984ms
   ✓ reads mixed native suffixes but never Markdown; hides internal paths and diagnoses symlinks 603ms
   ✓ fails closed on duplicate identity and conventional stem-pair collision without picking a winner 442ms
   ✓ suppresses saved contribution immediately, defers capture, follows Undo/Redo and cannot resurrect stale disk on disposal 1422ms
   ✓ drops stale overlay extraction and keeps disappeared/ambiguous loaded sources suppressed 1050ms
   ✓ keeps inline typing free of snapshots and synchronous overlay capture 916ms
   ✓ bounds examined edges including unresolved targets 314ms
 ✓ src/qualification/native-b1/resource.test.tsx (28 tests) 2317ms
   ✓ B1 isolated canonical native proof > rich producers: capture, UTF-8 bytes, fresh decode, shared-host admission, editing, undo/redo and re-save 713ms
 ✓ src/persistence/native-session.test.ts (5 tests) 1376ms
   ✓ opens canonically without an occurrence, saves/reopens, and blocks tree/extended/Workspace bypasses 566ms
   ✓ does not refresh a stale client baseline after a rejected Save or Open 467ms
 ✓ src/persistence/native-vault-session.test.ts (8 tests) 3600ms
   ✓ changes only the resource binding with zero occurrences and rejects automatic same-ID adoption by another session 1768ms
   ✓ retains edits and shared identity across two occurrences and their disposal during relocation 454ms
   ✓ queues Save behind relocation so it uses the confirmed new binding 345ms
 ✓ src/application/flint-knowledge.test.tsx (12 tests) 8852ms
   ✓ searches unmounted native text/title, reports unopened coverage, and navigates with no canonical or History changes 1760ms
   ✓ uses the invoking Window occurrence; simultaneous occurrences never duplicate matches or steal the other selection 690ms
   ✓ uses cell-correct Unicode ranges and never joins text across inline images 675ms
   ✓ creates, follows and removes native references with Undo/Redo; target titles and paths are not identity 1226ms
   ✓ revalidates a displayed result after filesystem removal without mounting or changing bindings 408ms
   ✓ cancels delayed queries on edits, Undo branches and query replacement without creating projections 471ms
   ✓ rejects changed locations during a query and reports duplicate discovery without silently rebinding 469ms
   ✓ cancels a picker and rejects source disappearance without changing the target 622ms
   ✓ round-trips linked multi-Block references through native Save/Open and removes a mention with ordinary Undo 1222ms
   ✓ excludes outside-vault resources and diagnoses nested resources and unsupported hosted text 487ms
   ✓ does not rebuild canonical snapshots or run query matching during ordinary typing after a search 395ms
   ✓ reveals plain UTF-16 text in an inactive nested tab without authoring navigation 425ms
 ✓ src/qualification/native-knowledge/lightweight.test.ts (38 tests) 25520ms
   ✓ matches every fact in 24 seeded native fixtures with distinct resource/root IDs 7683ms
   ✓ matches actual native feature producers and historical value profiles 830ms
   ✓ matches unsupported values, linked mention provenance, deleted/client-only and duplicate IDs 1022ms
   ✓ retains external ownership/reference and unplaced-definition validation 598ms
   ✓ invalid native input is rejected by both paths > invalid UTF-8 and JSON 366ms
   ✓ matches explicit annotation-budget failure and cancellation 2874ms
   ✓ matches traversal truncation without claiming complete coverage 9350ms
   ✓ matches deterministic malformed-wire mutations of text, values and graph records 329ms
   ✓ preserves duplicate suppression even if the duplicate would exceed facts budgets 941ms
   ✓ retains resource ownership/provenance guards on external edges 373ms

 Test Files  12 passed (12)
      Tests  161 passed (161)
   Start at  07:53:55
   Duration  29.32s (transform 8.70s, setup 0ms, collect 29.25s, tests 53.16s, environment 18.81s, prepare 1.80s)

JSON report written to /Users/iianneill/Documents/GitHub/speedy-ts-reactive/artifacts/native-facts/qualification-results.json
