
 RUN  v2.1.9 /Users/iianneill/Documents/GitHub/speedy-ts-reactive

[baseline-browser-mapping] The data in this module is over two months old.  To ensure accurate Baseline data, please update: `npm i baseline-browser-mapping@latest -D`
 ✓ src/history/stage-c-gates/resource.test.ts (9 tests) 259ms
 ✓ src/qualification/native-b1/owned-resources.test.ts (10 tests) 1352ms
 ✓ src/qualification/native-b1/compatibility.test.ts (13 tests) 1983ms
   ✓ B1.1 resource-aware definitions > keeps definitions in their canonical Document through native reopen, edit/delete and shared-occurrence undo 437ms
   ✓ B1.1 durable foreign transclusions > retains live editing, saves only a descriptor, and rebinds either admission order in one shared repository 331ms
 ✓ src/application/canonical-backlinks.test.ts (10 tests) 318ms
 ✓ src/qualification/native-b2/markdown.test.tsx (11 tests) 1063ms
   ✓ B2 consumed Markdown > consumes **bold* with one conversion Undo/Redo 350ms
 ✓ src/qualification/native-knowledge/index.test.ts (13 tests) 9421ms
   ✓ extracts canonical identity, tags, text and typed facts with no editor/repository admission or native changes 407ms
   ✓ derives inverse references, Entity mentions and sources without storing authored reverse edges 840ms
   ✓ replaces one contribution without stale tags, incoming edges or entity aggregates 1203ms
   ✓ keeps unknown annotations typed, ignores deleted/client-only references, rejects unknown reserved native fields 321ms
   ✓ does not cross owned-external resource boundaries or resolve foreign definitions by guess 408ms
   ✓ reads mixed native suffixes but never Markdown; hides internal paths and diagnoses symlinks 922ms
   ✓ fails closed on duplicate identity and conventional stem-pair collision without picking a winner 733ms
   ✓ suppresses saved contribution immediately, defers capture, follows Undo/Redo and cannot resurrect stale disk on disposal 1801ms
   ✓ drops stale overlay extraction and keeps disappeared/ambiguous loaded sources suppressed 1361ms
   ✓ keeps inline typing free of snapshots and synchronous overlay capture 976ms
   ✓ bounds examined edges including unresolved targets 370ms
 ✓ src/qualification/native-b1/resource.test.tsx (28 tests) 2829ms
   ✓ B1 isolated canonical native proof > rich producers: capture, UTF-8 bytes, fresh decode, shared-host admission, editing, undo/redo and re-save 943ms
   ✓ B1 compatibility findings after B1.2 > actual rich clipboard paste preserves own undefined dimensions through native bytes and admission 322ms
 ✓ src/history/stage-c-gates/portable.test.ts (4 tests) 94ms
 ✓ src/qualification/native-knowledge/live-observer.test.ts (15 tests) 12171ms
   ✓ matches complete Facts for canonical fixtures and actual rich native producers 790ms
   ✓ observes changed native text/annotations and Undo/Redo without capture or snapshots 1568ms
   ✓ revalidates metadata/structural changes instead of reusing an inline proof 941ms
   ✓ rejects cancellation, stale completion, disappearing identity and disposed observation 1143ms
   ✓ retains binding/discovery/pending and ambiguity eligibility guards 721ms
   ✓ matches Entity/Document separation, tagged unknown values, inline images and foreign definitions 451ms
   ✓ applies the same explicit opaque-host profile to reference and live observation 376ms
   ✓ matches retained definitions, margins, reference cycles and graph-2 owned-external boundaries 486ms
   ✓ rejects shared Cells even when the inline-edit hint preserves the structural proof 475ms
   ✓ rechecks authored Block identities even on payload-only inline hints 820ms
   ✓ does not mutate canonical content, revision or history and checks binding changes at completion 953ms
   ✓ reports missing definitions and rejects annotation-budget excess without publishing partial facts 977ms
   ✓ does not absorb a locally loaded owned child Document into its owner contribution 1432ms
   ✓ rejects retained content that also has a structural owner outside the Document 431ms
   ✓ matches legacy Workspace definition provenance without adopting it as Document-owned 602ms
 ✓ src/persistence/native-session.test.ts (5 tests) 1797ms
   ✓ opens canonically without an occurrence, saves/reopens, and blocks tree/extended/Workspace bypasses 487ms
   ✓ does not refresh a stale client baseline after a rejected Save or Open 878ms
 ✓ src/persistence/native-vault-session.test.ts (8 tests) 5395ms
   ✓ changes only the resource binding with zero occurrences and rejects automatic same-ID adoption by another session 2245ms
   ✓ retains edits and shared identity across two occurrences and their disposal during relocation 595ms
   ✓ queues Save behind relocation so it uses the confirmed new binding 443ms
   ✓ recovers an uncertain response through the same resource-owned operation 711ms
   ✓ a newer discovery result cannot replace a stale live baseline to authorize relocation 412ms
   ✓ a fresh session can recover a recorded operation without adopting any live binding 408ms
   ✓ passes query cancellation through the real discovery transport 382ms
 ✓ src/qualification/native-knowledge/live-overlay.test.ts (2 tests) 3803ms
   ✓ suppresses immediately, rejects stale completions and never falls back on disposal 1204ms
   ✓ supports ten independently registered canonical resources without mounting them 2598ms
 ✓ src/application/flint-knowledge.test.tsx (12 tests) 11045ms
   ✓ searches unmounted native text/title, reports unopened coverage, and navigates with no canonical or History changes 2416ms
   ✓ uses the invoking Window occurrence; simultaneous occurrences never duplicate matches or steal the other selection 1045ms
   ✓ uses cell-correct Unicode ranges and never joins text across inline images 1325ms
   ✓ creates, follows and removes native references with Undo/Redo; target titles and paths are not identity 1778ms
   ✓ revalidates a displayed result after filesystem removal without mounting or changing bindings 498ms
   ✓ cancels delayed queries on edits, Undo branches and query replacement without creating projections 423ms
   ✓ rejects changed locations during a query and reports duplicate discovery without silently rebinding 341ms
   ✓ cancels a picker and rejects source disappearance without changing the target 556ms
   ✓ round-trips linked multi-Block references through native Save/Open and removes a mention with ordinary Undo 1468ms
   ✓ excludes outside-vault resources and diagnoses nested resources and unsupported hosted text 470ms
   ✓ does not rebuild canonical snapshots or run query matching during ordinary typing after a search 323ms
   ✓ reveals plain UTF-16 text in an inactive nested tab without authoring navigation 400ms
 ✓ src/qualification/native-knowledge/lightweight.test.ts (38 tests) 27048ms
   ✓ matches every fact in 24 seeded native fixtures with distinct resource/root IDs 9381ms
   ✓ matches actual native feature producers and historical value profiles 1261ms
   ✓ matches Unicode/Cell coordinates and inline-image boundaries across split/adjacent spans 323ms
   ✓ matches unsupported values, linked mention provenance, deleted/client-only and duplicate IDs 1459ms
   ✓ retains external ownership/reference and unplaced-definition validation 690ms
   ✓ invalid native input is rejected by both paths > invalid UTF-8 and JSON 363ms
   ✓ matches explicit annotation-budget failure and cancellation 2854ms
   ✓ matches traversal truncation without claiming complete coverage 8692ms
   ✓ preserves duplicate suppression even if the duplicate would exceed facts budgets 719ms

 Test Files  14 passed (14)
      Tests  178 passed (178)
   Start at  08:27:30
   Duration  35.84s (transform 16.66s, setup 0ms, collect 44.16s, tests 78.58s, environment 23.87s, prepare 3.22s)

JSON report written to /Users/iianneill/Documents/GitHub/speedy-ts-reactive/artifacts/live-facts/qualification-results.json
