
 RUN  v2.1.9 /Users/iianneill/Documents/GitHub/speedy-ts-reactive

[baseline-browser-mapping] The data in this module is over two months old.  To ensure accurate Baseline data, please update: `npm i baseline-browser-mapping@latest -D`
 ✓ src/block-tree/portable-spike/codec.test.ts (31 tests) 96ms
 ✓ src/block-tree/block-tree.test.ts (18 tests) 34ms
 ✓ src/rendering/standoff-editor-view.test.tsx (23 tests) 1098ms
 ✓ src/rendering/cross-block-selection.test.tsx (16 tests) 1113ms
 ✓ src/rendering/annotation-monitor.test.tsx (14 tests) 895ms
 ✓ src/qualification/native-b1/resource.test.tsx (28 tests) 1694ms
   ✓ B1 isolated canonical native proof > rich producers: capture, UTF-8 bytes, fresh decode, shared-host admission, editing, undo/redo and re-save 675ms
 ✓ src/history/stage-c-gates/resource.test.ts (9 tests) 66ms
 ✓ src/qualification/native-b1/compatibility.test.ts (13 tests) 807ms
 ✓ src/qualification/native-b1/owned-resources.test.ts (10 tests) 470ms
 ✓ src/features/entity-references/entity-candidates.test.ts (11 tests) 610ms
   ✓ entity mention candidates > batches many Blocks without per-match snapshots and preserves all-or-nothing undo 362ms
 ✓ src/application/flint-lifecycle.test.tsx (13 tests) 2352ms
   ✓ Flint composite transient hosting > mounts one ordinary editor, restores selection across tab switches, and releases occurrence state 412ms
   ✓ Flint composite transient hosting > owns Entity panel focus and cancels asynchronous work when its tab disappears 393ms
 ✓ server/workspace-store.test.ts (7 tests) 447ms
 ✓ src/features/entity-references/candidates-view.test.tsx (8 tests) 575ms
 ✓ src/runtime/text-search.test.ts (11 tests) 441ms
   ✓ scoped text search > does no search or snapshots synchronously on edit; only rematches dirty content 302ms
 ✓ src/features/entity-references/document-entity-list.test.tsx (7 tests) 682ms
 ✓ src/qualification/native-b2/paired-save.test.mjs (22 tests) 5493ms
   ✓ captures once for two occurrences, survives their closure, and keeps newer edits dirty 430ms
   ✓ preserves raced native bytes displaced between preflight and publication 401ms
   ✓ preserves raced markdown bytes displaced between preflight and publication 300ms
   ✓ a path recreated during publication wins; it is never overwritten 424ms
   ✓ writes through an already-open displaced inode are preserved and detected 306ms
   ✓ owned dependencies must be located; A's pair never recursively generates B Markdown 370ms
   ✓ recovers after actual writer-process death at after-native with the OS lock released 403ms
   ✓ recovers after actual writer-process death at after-markdown with the OS lock released 431ms
   ✓ recovers after actual writer-process death at after-receipt with the OS lock released 425ms
 ✓ src/history/preplan-spike/preplan.test.ts (15 tests) 435ms
 ✓ server/native-document-store.test.mjs (12 tests) 2954ms
   ✓ saves/reopens rich native bytes through actual routes and preserves identity across a file rename 460ms
   ✓ rejects a stale second editor even though the durable server receipt advanced 426ms
   ✓ recovers a partial publication after restart and blocks conflicting partial Markdown 409ms
   ✓ Compare / Keep Mutable requires an exact reviewed external hash and preserves the displaced bytes 486ms
 ✓ src/application/flint-vault.test.tsx (13 tests) 9224ms
   ✓ uses the real tree in two Windows, shared native properties and independent occurrences; title never renames files 1692ms
   ✓ moves pairs and directories without changing authored data or generations, and Save uses the new location 1612ms
   ✓ keeps typing and resource-owned relocation alive after both initiating occurrences close 985ms
   ✓ imports explicitly, preserves source, and exposes collisions as unsaved candidates rather than files 497ms
   ✓ refresh discovers external changes without rebinding or replacing loaded dirty content; ambiguous identities stay unavailable 533ms
   ✓ keeps a lost completion recoverable in the UI even when the durable journal already says relocated 559ms
   ✓ preserves nested unknown native properties through property editing, Save and fresh Open 793ms
   ✓ allows an unsaved collision candidate to choose a fresh first-save destination without relocating the existing resource 744ms
   ✓ relocates a Document containing a native external reference without rewriting its target or saved generation 698ms
   ✓ reports a vanished location without discarding the live Document or adopting an external same-ID move 422ms
 ✓ src/qualification/native-b2/markdown.test.tsx (11 tests) 331ms
 ✓ server/native-vault-store.test.mjs (44 tests) 14116ms
   ✓ moves an enrolled pair without changing bytes, identity or save generation; saves at new binding 622ms
   ✓ recovers after relocation-after-0 without generating new content 328ms
   ✓ recovers after relocation-after-1 without generating new content 467ms
   ✓ recovers after relocation-after-2 without generating new content 720ms
   ✓ recovers after relocation-receipt-displaced without generating new content 302ms
   ✓ recovers after relocation-receipt without generating new content 488ms
   ✓ recovers after relocation-before-complete without generating new content 383ms
   ✓ recovers after relocation-complete without generating new content 441ms
   ✓ rejects symlink traversal, source symlinks and directory moves into themselves 337ms
   ✓ requires exact caller baselines and blocks partially published pairs 307ms
   ✓ fences stale locations and rename-away-and-back even with identical content hashes 683ms
   ✓ preserves late native writes through open handles at relocation-after-0 367ms
   ✓ preserves late native writes through open handles at relocation-before-complete 383ms
   ✓ does not confirm a relocated owner whose required owned resource disappeared 496ms
   ✓ moves an owner and owned resource as independent pairs without altering their generations or Markdown 802ms
   ✓ retains multiple immutable save generations through pair rename 464ms
   ✓ cancels a directory query without any storage or authored mutation 395ms
   ✓ never substitutes fresh filesystem signatures for the caller reviewed content hashes 610ms
 ✓ src/features/entity-references/search-view.test.tsx (4 tests) 1815ms
   ✓ entity search overlay > seeds the query, searches existing API, commits local reference/name metadata and undoes atomically 987ms
   ✓ entity search overlay > creates a shared entity annotation across Blocks and invalidates an open search on edits 347ms
 ✓ server/document-store.test.ts (7 tests) 616ms
 ✓ src/application/jet-stage-a-proof.test.ts (5 tests) 747ms
   ✓ Jet Stage A qualification gate > shares two live Documents without moving owners; unlink and Window close preserve source content 359ms
 ✓ src/application/flint-knowledge.test.tsx (12 tests) 18051ms
   ✓ searches unmounted native text/title, reports unopened coverage, and navigates with no canonical or History changes 1755ms
   ✓ uses the invoking Window occurrence; simultaneous occurrences never duplicate matches or steal the other selection 921ms
   ✓ uses cell-correct Unicode ranges and never joins text across inline images 1105ms
   ✓ creates, follows and removes native references with Undo/Redo; target titles and paths are not identity 2263ms
   ✓ revalidates a displayed result after filesystem removal without mounting or changing bindings 713ms
   ✓ cancels delayed queries on edits, Undo branches and query replacement without creating projections 693ms
   ✓ rejects changed locations during a query and reports duplicate discovery without silently rebinding 771ms
   ✓ cancels a picker and rejects source disappearance without changing the target 1323ms
   ✓ round-trips linked multi-Block references through native Save/Open and removes a mention with ordinary Undo 4028ms
   ✓ excludes outside-vault resources and diagnoses nested resources and unsupported hosted text 2041ms
   ✓ does not rebuild canonical snapshots or run query matching during ordinary typing after a search 1110ms
   ✓ reveals plain UTF-16 text in an inactive nested tab without authoring navigation 1323ms
 ✓ src/application/flint-transient-proof.test.ts (5 tests) 372ms
 ✓ src/persistence/native-vault-session.test.ts (8 tests) 6474ms
   ✓ changes only the resource binding with zero occurrences and rejects automatic same-ID adoption by another session 2424ms
   ✓ retains edits and shared identity across two occurrences and their disposal during relocation 934ms
   ✓ queues Save behind relocation so it uses the confirmed new binding 739ms
   ✓ recovers an uncertain response through the same resource-owned operation 479ms
   ✓ a newer discovery result cannot replace a stale live baseline to authorize relocation 723ms
   ✓ a fresh session can recover a recorded operation without adopting any live binding 632ms
 ✓ src/history/stage-c-gates/ownership-lifetime.test.ts (4 tests) 102ms
 ✓ src/history/stage-c-gates/definitions.test.ts (3 tests) 106ms
 ✓ src/history/stage-c-gates/query.test.ts (3 tests) 239ms
 ✓ src/reactive-editor/workspace-manifest.test.ts (4 tests) 207ms
 ✓ src/block-tree/compact-changes.test.ts (9 tests) 14777ms
   ✓ compact exact capture > copies only changed sequence keys for 5600 character typing and undo 1168ms
   ✓ compact exact capture > copies only changed sequence keys for 25000 character typing and undo 13213ms
 ✓ src/history/durable-core.test.ts (6 tests) 14064ms
   ✓ persistent single Document shared contracts > admits and exactly reopens a 25,000-character Document above the temporary 8 MiB state limit within measured durable bounds 13968ms
 ✓ src/history/stage-c-gates/portable.test.ts (4 tests) 143ms
 ✓ src/qualification/native-b1/owned-resource-files.test.mjs (9 tests) 681ms
 ✓ src/reactive-editor/local-workspace.test.ts (4 tests) 407ms
   ✓ local workspace Document identity > round-trips repeated Documents as distinct occurrences of one editable content tree 371ms
 ✓ src/features/entity-references/lifecycle.test.tsx (3 tests) 991ms
   ✓ disposes open UI, async lookup, bindings, effects and decorations; reactivation preserves authored data 872ms
 ✓ src/features/entity-references/property-details.test.tsx (2 tests) 500ms
   ✓ entity property details contribution > groups the horizontal columns, exposes a readonly annotation ID and displays populated entity details 407ms
 ✓ src/features/entity-references/document-entities.test.ts (2 tests) 143ms
 ✓ src/application/document-vault.test.ts (2 tests) 12ms
 ✓ src/persistence/native-session.test.ts (5 tests) 1875ms
   ✓ opens canonically without an occurrence, saves/reopens, and blocks tree/extended/Workspace bypasses 690ms
   ✓ does not refresh a stale client baseline after a rejected Save or Open 627ms
 ✓ src/qualification/native-b1/server.test.mjs (1 test) 6ms
 ✓ src/runtime/linked-annotations.test.ts (1 test) 71ms
 ✓ src/history/stage-c-gates/cost-scheduler.test.ts (5 tests) 3558ms
   ✓ G3 lossless fixed-target scheduler > preserves all indices and original deadlines after repeated pauses (seed 1) 412ms
   ✓ G3 lossless fixed-target scheduler > preserves all indices and original deadlines after repeated pauses (seed 17) 335ms
   ✓ G3 lossless fixed-target scheduler > preserves all indices and original deadlines after repeated pauses (seed 391) 441ms
   ✓ G3 lossless fixed-target scheduler > keeps separate real command commits and every undo/redo intermediate state during catch-up 2365ms
 ✓ src/history/stage-c-gates/incremental.test.ts (4 tests) 22386ms
   ✓ G3 incremental owned capture > keeps single-character packets edit-sized and ignores large foreign state 21426ms
   ✓ G3 incremental owned capture > checks every state in a deterministic randomized typing/branch trace without retired-key growth 664ms
 ✓ server/native-vault-restart.test.mjs (10 tests) 12707ms
   ✓ recovers from actual SIGKILL at relocation-intent through real routes 2706ms
   ✓ recovers from actual SIGKILL at relocation-after-0 through real routes 1997ms
   ✓ recovers from actual SIGKILL at relocation-after-1 through real routes 1617ms
   ✓ recovers from actual SIGKILL at relocation-after-2 through real routes 1495ms
   ✓ recovers from actual SIGKILL at relocation-receipt-displaced through real routes 1192ms
   ✓ recovers from actual SIGKILL at relocation-before-complete through real routes 897ms
   ✓ recovers from actual SIGKILL at relocation-complete through real routes 989ms
   ✓ recovers nonempty directory movement after server death and refuses external interference on recovery 771ms
   ✓ serializes a concurrent Save against a pending relocation across server processes 517ms
   ✓ finishes a directory move after actual server death and reopens its unchanged native identity 516ms

 Test Files  46 passed (46)
      Tests  458 passed (458)
   Start at  18:49:41
   Duration  40.06s (transform 6.64s, setup 0ms, collect 33.20s, tests 144.98s, environment 43.48s, prepare 6.50s)

JSON report written to /Users/iianneill/Documents/GitHub/speedy-ts-reactive/artifacts/flint-c2/qualification-results.json
