{
  "passed": 28,
  "checks": [
    "default-on Workspace menu exposes Flint",
    "menu opens Flint with ordinary editable Document",
    "Flint is visible above the Desktop background",
    "native input edits canonical content",
    "undo restores native text",
    "redo restores edit",
    "switch releases previous projection and mounts",
    "native selection restores in fresh occurrence",
    "scoped toolbar creates native annotation",
    "measured SVG effect renders in occurrence",
    "cross-Block selection spans both Blocks",
    "cross-Block selection restores with remapped occurrence keys",
    "Grouping uses transient occurrence scope",
    "browser IME composition commits to canonical text",
    "minimize releases the hosted editor",
    "restore focuses the recreated Document",
    "restore retains the Document selection",
    "source deletion unmounts without dangling editor",
    "source Undo resolves a fresh view",
    "two live occurrences share canonical content",
    "typing updates both Windows",
    "native rename control updates both tab labels",
    "repeated switches retain exactly two live occurrences",
    "local reopen retains two source Documents and independent Windows",
    "tab DTOs never contain Document bodies",
    "disabled application preserves serialized data",
    "disabled application creates no transient views",
    "no uncaught browser errors"
  ]
}
