[baseline-browser-mapping] The data in this module is over two months old.  To ensure accurate Baseline data, please update: `npm i baseline-browser-mapping@latest -D`
(node:48901) [DEP0060] DeprecationWarning: The `util._extend` API is deprecated. Please use Object.assign() instead.
(Use `node --trace-deprecation ...` to show where the warning was created)
search evidence { hits: 1, unopened: true, views: 2, before: 2 }
{"requestId":"49038.319","timestamp":194579.371617,"type":"Fetch","errorText":"net::ERR_ABORTED","canceled":true}
{"requestId":"49038.322","timestamp":194579.719383,"type":"Fetch","errorText":"net::ERR_ABORTED","canceled":true}
{"requestId":"49038.326","timestamp":194580.202576,"type":"Fetch","errorText":"net::ERR_ABORTED","canceled":true}
{"requestId":"49038.337","timestamp":194582.59864,"type":"Fetch","errorText":"net::ERR_ABORTED","canceled":true}
{"requestId":"49038.339","timestamp":194583.261623,"type":"Fetch","errorText":"net::ERR_ABORTED","canceled":true}
{"requestId":"49038.342","timestamp":194583.421531,"type":"Fetch","errorText":"net::ERR_ABORTED","canceled":true}
{"requestId":"49038.346","timestamp":194584.462899,"type":"Fetch","errorText":"net::ERR_ABORTED","canceled":true}
{"requestId":"49038.351","timestamp":194584.736255,"type":"Fetch","errorText":"net::ERR_ABORTED","canceled":true}
{"requestId":"49038.355","timestamp":194585.423932,"type":"Fetch","errorText":"net::ERR_ABORTED","canceled":true}
{"requestId":"49038.357","timestamp":194585.915764,"type":"Fetch","errorText":"net::ERR_ABORTED","canceled":true}
{"requestId":"49038.360","timestamp":194587.240706,"type":"Fetch","errorText":"net::ERR_ABORTED","canceled":true}
{"requestId":"49038.379","timestamp":194592.434293,"type":"Fetch","errorText":"net::ERR_ABORTED","canceled":true}
{"requestId":"49038.386","timestamp":194592.874733,"type":"Fetch","errorText":"net::ERR_ABORTED","canceled":true}
{
  "passed": 16,
  "checks": [
    "saved-enabled real worker searches unmounted Unicode text without mounting other resources",
    "search and passage navigation do not change canonical state or History",
    "keyboard Escape cancels picker and restores native selection",
    "real pointer picker consumes a native selection into a stable reference",
    "reference creation Undo removes the native annotation",
    "reference target survives authored title change and pair relocation",
    "two Windows do not duplicate canonical search results",
    "result uses invoking Window occurrence and preserves the other Window",
    "same reference follows through the second Window",
    "edits immediately disable stale result actions",
    "Undo does not resurrect an old query token",
    "reopened reference reports its unopened target explicitly",
    "native Save/Open plus restarted server preserves the canonical reference and relocated target",
    "reference removal Undo restores the same mention",
    "real external removal rejects activation without a mount or canonical mutation",
    "no uncaught browser exceptions"
  ]
}
