
 RUN  v2.1.9 /Users/iianneill/Documents/GitHub/speedy-ts-reactive

[baseline-browser-mapping] The data in this module is over two months old.  To ensure accurate Baseline data, please update: `npm i baseline-browser-mapping@latest -D`
 ✓ src/application/flint-knowledge.test.tsx (12 tests) 25667ms
   ✓ searches unmounted native text/title, reports unopened coverage, and navigates with no canonical or History changes 1284ms
   ✓ uses the invoking Window occurrence; simultaneous occurrences never duplicate matches or steal the other selection 496ms
   ✓ uses cell-correct Unicode ranges and never joins text across inline images 796ms
   ✓ creates, follows and removes native references with Undo/Redo; target titles and paths are not identity 5154ms
   ✓ revalidates a displayed result after filesystem removal without mounting or changing bindings 2540ms
   ✓ cancels delayed queries on edits, Undo branches and query replacement without creating projections 1859ms
   ✓ rejects changed locations during a query and reports duplicate discovery without silently rebinding 1850ms
   ✓ cancels a picker and rejects source disappearance without changing the target 1810ms
   ✓ round-trips linked multi-Block references through native Save/Open and removes a mention with ordinary Undo 3749ms
   ✓ excludes outside-vault resources and diagnoses nested resources and unsupported hosted text 2789ms
   ✓ does not rebuild canonical snapshots or run query matching during ordinary typing after a search 2152ms
   ✓ reveals plain UTF-16 text in an inactive nested tab without authoring navigation 1183ms
 ✓ src/qualification/native-b1/resource.test.tsx (28 tests) 882ms
 ✓ src/application/flint-vault.test.tsx (13 tests) 11309ms
   ✓ uses the real tree in two Windows, shared native properties and independent occurrences; title never renames files 2372ms
   ✓ moves pairs and directories without changing authored data or generations, and Save uses the new location 1773ms
   ✓ keeps typing and resource-owned relocation alive after both initiating occurrences close 550ms
   ✓ imports explicitly, preserves source, and exposes collisions as unsaved candidates rather than files 369ms
   ✓ keeps a lost completion recoverable in the UI even when the durable journal already says relocated 1243ms
   ✓ preserves nested unknown native properties through property editing, Save and fresh Open 2380ms
   ✓ allows an unsaved collision candidate to choose a fresh first-save destination without relocating the existing resource 882ms
   ✓ relocates a Document containing a native external reference without rewriting its target or saved generation 446ms
 ✓ server/native-vault-store.test.mjs (44 tests) 5915ms
   ✓ moves an enrolled pair without changing bytes, identity or save generation; saves at new binding 513ms
   ✓ fences stale locations and rename-away-and-back even with identical content hashes 319ms
 ✓ src/block-tree/portable-spike/codec.test.ts (31 tests) 103ms
 ✓ src/block-tree/block-tree.test.ts (18 tests) 40ms
 ❯ src/block-tree/commit-capture.test.ts (10 tests | 1 failed) 539ms
   × repository commit results > never snapshots, serializes or enumerates the whole graph for strict captured typing and Enter 257ms
     → expected true to be false // Object.is equality
 ✓ src/qualification/native-b2/paired-save.test.mjs (22 tests) 2995ms
   ✓ recovers after actual writer-process death at after-native with the OS lock released 372ms
   ✓ recovers after actual writer-process death at after-markdown with the OS lock released 315ms
 ✓ src/application/facts-query-provider.test.ts (33 tests) 1112ms
   ✓ preserves the 1,000 mention and search passage budgets 704ms
 ✓ src/block-tree/identity.test.ts (10 tests) 78ms
 ✓ src/block-tree/resource-boundary.test.ts (13 tests) 230ms
 ✓ src/qualification/native-b1/compatibility.test.ts (13 tests) 639ms
 ✓ src/application/flint-saved-knowledge.test.tsx (11 tests) 10467ms
   ✓ progressively searches saved resources without admission, then opens only the selected source in the invoking Window 2085ms
   ✓ saved backlinks open and revalidate the logical mention rather than returning an unopened-source error 2157ms
   ✓ checks bytes returned by Open before admission and preserves a read-only source 319ms
   ✓ read-only saved activation succeeds and subsequent dirty live semantics suppress the saved generation 1031ms
   ✓ a duplicate introduced while native Open is awaiting its response cannot be admitted 3389ms
   ✓ an unrelated edit while selected Open is in flight cannot receive a fresh navigation ticket 342ms
 ✓ src/qualification/native-knowledge/boundary.test.ts (16 tests) 4423ms
   ✓ returns ready cold evidence without enumerating either repository dictionary 373ms
   ✓ matches general target and unrelated structure and expires every old token 778ms
   ✓ retains unplaced definitions, rejects outside ownership and tracks retention changes 906ms
   ✓ preserves nested Document boundaries and registration as non-owning retention 511ms
   ✓ rejects resource ownership cycles and duplicate claims without expiring admitted tokens; reference cycles remain legal 839ms
   ✓ preserves resolved external ownership, registration precedence and token-safe incoming evidence 653ms
   ✓ rejects cross-resource shared Cells after a certified leaf edit, without rescanning globally 322ms
 ✓ src/qualification/native-knowledge/live-observer.test.ts (30 tests) 9759ms
   ✓ repository boundary qualification=false > observes changed native text/annotations and Undo/Redo without capture or snapshots 389ms
   ✓ repository boundary qualification=false > rejects shared Cells even when the inline-edit hint preserves the structural proof 404ms
   ✓ repository boundary qualification=false > does not mutate canonical content, revision or history and checks binding changes at completion 397ms
   ✓ repository boundary qualification=false > reports missing definitions and rejects annotation-budget excess without publishing partial facts 380ms
   ✓ repository boundary qualification=false > does not absorb a locally loaded owned child Document into its owner contribution 393ms
   ✓ repository boundary qualification=true > observes changed native text/annotations and Undo/Redo without capture or snapshots 430ms
   ✓ repository boundary qualification=true > rejects shared Cells even when the inline-edit hint preserves the structural proof 308ms
   ✓ repository boundary qualification=true > does not mutate canonical content, revision or history and checks binding changes at completion 1643ms
   ✓ repository boundary qualification=true > reports missing definitions and rejects annotation-budget excess without publishing partial facts 501ms
   ✓ repository boundary qualification=true > does not absorb a locally loaded owned child Document into its owner contribution 471ms
 ✓ src/block-tree/undo-storage-parity.test.ts (7 tests) 7344ms
   ✓ ordinary undo storage semantic parity with full-operation snapshots > preserves every intermediate Unicode edit, counter and branch for seed 7129 2131ms
   ✓ ordinary undo storage semantic parity with full-operation snapshots > preserves every intermediate Unicode edit, counter and branch for seed 305419896 3355ms
   ✓ ordinary undo storage semantic parity with full-operation snapshots > preserves every intermediate Unicode edit, counter and branch for seed 3735928559 1428ms
 ✓ src/knowledge/session.test.ts (36 tests) 6801ms
   ✓ keeps query cancellation separate from resource work and permits read-only derived Facts 302ms
   ✓ repeated editing and cleanup retains one current generation; repository replacement owns fresh evidence 778ms
 ✓ src/history/stage-c-gates/resource.test.ts (9 tests) 64ms
 ✓ src/qualification/native-b1/owned-resources.test.ts (10 tests) 368ms
 ✓ src/qualification/native-knowledge/index.test.ts (13 tests) 10035ms
   ✓ extracts canonical identity, tags, text and typed facts with no editor/repository admission or native changes 303ms
   ✓ derives inverse references, Entity mentions and sources without storing authored reverse edges 458ms
   ✓ replaces one contribution without stale tags, incoming edges or entity aggregates 392ms
   ✓ uses native Cell boundaries across inline images and richer actual native producer fixtures 462ms
   ✓ reads mixed native suffixes but never Markdown; hides internal paths and diagnoses symlinks 516ms
   ✓ fails closed on duplicate identity and conventional stem-pair collision without picking a winner 399ms
   ✓ suppresses saved contribution immediately, defers capture, follows Undo/Redo and cannot resurrect stale disk on disposal 1983ms
   ✓ drops stale overlay extraction and keeps disappeared/ambiguous loaded sources suppressed 4450ms
   ✓ keeps inline typing free of snapshots and synchronous overlay capture 638ms
 ✓ src/qualification/native-knowledge/lightweight.test.ts (38 tests) 22539ms
   ✓ matches every fact in 24 seeded native fixtures with distinct resource/root IDs 4026ms
   ✓ matches actual native feature producers and historical value profiles 1127ms
   ✓ matches Unicode/Cell coordinates and inline-image boundaries across split/adjacent spans 698ms
   ✓ matches unsupported values, linked mention provenance, deleted/client-only and duplicate IDs 1864ms
   ✓ retains external ownership/reference and unplaced-definition validation 547ms
   ✓ invalid native input is rejected by both paths > invalid UTF-8 and JSON 396ms
   ✓ matches explicit annotation-budget failure and cancellation 3124ms
   ✓ matches traversal truncation without claiming complete coverage 8761ms
   ✓ preserves duplicate suppression even if the duplicate would exceed facts budgets 688ms
 ✓ server/native-document-store.test.mjs (12 tests) 1207ms
 ✓ src/block-tree/split-performance.test.ts (12 tests) 11231ms
   ✓ incremental paragraph splitting (capture=false) > inserts empty siblings across shared parent views without touching existing paragraphs 600ms
   ✓ incremental paragraph splitting (capture=false) > rejects a nonempty or detached paragraph from the empty insertion fast path 570ms
   ✓ incremental paragraph splitting (capture=false) > splits and restores annotations and Cell identities without snapshots, including redo and another split 991ms
   ✓ incremental paragraph splitting (capture=false) > updates transcluded paragraphs in multiple views without rebuilding unrelated occurrences 1586ms
   ✓ incremental paragraph splitting (capture=false) > rejects Cell theft, duplicate ownership and detached new paragraphs from the fast path 707ms
   ✓ incremental paragraph splitting (capture=false) > falls back safely for inline atoms and maintains indexes for the next plain-text split 1128ms
   ✓ incremental paragraph splitting (capture=true) > inserts empty siblings across shared parent views without touching existing paragraphs 585ms
   ✓ incremental paragraph splitting (capture=true) > rejects a nonempty or detached paragraph from the empty insertion fast path 535ms
   ✓ incremental paragraph splitting (capture=true) > splits and restores annotations and Cell identities without snapshots, including redo and another split 961ms
   ✓ incremental paragraph splitting (capture=true) > updates transcluded paragraphs in multiple views without rebuilding unrelated occurrences 1642ms
   ✓ incremental paragraph splitting (capture=true) > rejects Cell theft, duplicate ownership and detached new paragraphs from the fast path 781ms
   ✓ incremental paragraph splitting (capture=true) > falls back safely for inline atoms and maintains indexes for the next plain-text split 1143ms
 ✓ src/application/canonical-backlinks.test.ts (10 tests) 169ms
 ✓ src/block-tree/inline-performance.test.ts (14 tests) 4234ms
   ✓ incremental inline editing (capture=false) > matches fully planned edits and annotation mapping over a deterministic Unicode edit sequence 657ms
   ✓ incremental inline editing (capture=false) > does no whole-document snapshots or occurrence rebuilds in a 25k document, including undo/redo 1331ms
   ✓ incremental inline editing (capture=true) > matches fully planned edits and annotation mapping over a deterministic Unicode edit sequence 652ms
   ✓ incremental inline editing (capture=true) > does no whole-document snapshots or occurrence rebuilds in a 25k document, including undo/redo 1273ms
 ✓ src/block-tree/compact-changes.test.ts (9 tests) 4613ms
   ✓ compact exact capture > copies only changed sequence keys for 5600 character typing and undo 755ms
   ✓ compact exact capture > copies only changed sequence keys for 25000 character typing and undo 3608ms
 ✓ src/knowledge/live-observer.test.ts (18 tests) 2874ms
   ✓ does not capture, serialize, mount or mutate during observation; Undo/Redo remain canonical 375ms
   ✓ does not include a loaded nested owned Document body 384ms
   ✓ keeps plain/text block parity and rejects indivisible large authored values explicitly 382ms
 ✓ src/qualification/native-b2/markdown.test.tsx (11 tests) 230ms
 ✓ src/application/native-saved-scope.test.ts (7 tests) 2300ms
   ✓ saved-to-opening suppresses immediately, dirty live never falls back, and disappearance requires verified hand-back 580ms
   ✓ a failed saved scope withdraws its old results, keeps loaded operation usable, and explicit Refresh retries 482ms
   ✓ explicit selected Open can re-admit after admission Undo; retained binding is not mistaken for canonical presence 763ms
 ✓ src/persistence/native-vault-session.test.ts (8 tests) 1960ms
   ✓ changes only the resource binding with zero occurrences and rejects automatic same-ID adoption by another session 777ms
 ✓ src/block-tree/definition-ownership.test.ts (9 tests) 54ms
 ✓ src/application/jet-stage-a-proof.test.ts (5 tests) 121ms
 ✓ src/application/flint-transient-proof.test.ts (5 tests) 89ms
 ✓ src/block-tree/undo-storage.test.ts (5 tests) 2333ms
   ✓ private undo sequence storage > round-trips every stored version across seeded insertion, deletion and replacement 433ms
   ✓ private undo sequence storage > shares unchanged 25k sequences and bounds fragmentation across repeated small edits 1889ms
 ✓ server/native-vault-restart.test.mjs (10 tests) 10921ms
   ✓ recovers from actual SIGKILL at relocation-intent through real routes 3545ms
   ✓ recovers from actual SIGKILL at relocation-after-0 through real routes 1518ms
   ✓ recovers from actual SIGKILL at relocation-after-1 through real routes 1180ms
   ✓ recovers from actual SIGKILL at relocation-after-2 through real routes 1115ms
   ✓ recovers from actual SIGKILL at relocation-receipt-displaced through real routes 635ms
   ✓ recovers from actual SIGKILL at relocation-before-complete through real routes 626ms
   ✓ recovers from actual SIGKILL at relocation-complete through real routes 631ms
   ✓ recovers nonempty directory movement after server death and refuses external interference on recovery 503ms
   ✓ serializes a concurrent Save against a pending relocation across server processes 558ms
   ✓ finishes a directory move after actual server death and reopens its unchanged native identity 610ms
 ✓ src/qualification/native-b1/owned-resource-files.test.mjs (9 tests) 263ms
 ✓ src/history/stage-c-gates/portable.test.ts (4 tests) 39ms
 ✓ src/persistence/native-session.test.ts (5 tests) 703ms
 ✓ src/block-tree/cross-text-edit.test.ts (7 tests) 73ms
 ✓ src/features/flint/backlinks-view.test.tsx (3 tests) 352ms
 ✓ src/application/native-knowledge-scope.test.ts (1 test) 231ms
 ✓ src/block-tree/margin-commands.test.ts (3 tests) 53ms
 ✓ src/qualification/native-knowledge/live-overlay.test.ts (2 tests) 1627ms
   ✓ suppresses immediately, rejects stale completions and never falls back on disposal 399ms
   ✓ supports ten independently registered canonical resources without mounting them 1227ms
 ✓ src/application/document-vault.test.ts (3 tests) 7ms
 ✓ src/features/flint/query-results.test.tsx (1 test) 19ms
 ✓ src/block-tree/compatibility-fixtures.test.ts (2 tests) 5ms
 ✓ src/qualification/native-b1/server.test.mjs (1 test) 3ms
 ✓ server/native-knowledge.test.ts (32 tests) 5108ms
   ✓ worker and legacy discovery agree on complete hierarchy, duplicates, projections and malformed files 300ms
   ✓ changed and pending paired resources at after-native are ineligible and reads never update pair evidence 701ms
   ✓ changed and pending paired resources at before-receipt are ineligible and reads never update pair evidence 657ms
   ✓ Facts text-budget exhaustion leaves valid identity inspection available and never emits partial success 1534ms
 ✓ src/block-tree/block-restore.test.ts (16 tests) 114ms
 ✓ server/native-saved-scope.test.ts (15 tests) 805ms

⎯⎯⎯⎯⎯⎯⎯ Failed Tests 1 ⎯⎯⎯⎯⎯⎯⎯

 FAIL  src/block-tree/commit-capture.test.ts > repository commit results > never snapshots, serializes or enumerates the whole graph for strict captured typing and Enter
AssertionError: expected true to be false // Object.is equality

- Expected
+ Received

- false
+ true

 ❯ src/block-tree/commit-capture.test.ts:249:149
    247|       expect(stringify.mock.calls.some(([value]) => value === state ||…
    248|         (value && typeof value === "object" && "contents" in value && …
    249|       for (const enumerator of enumerators) expect(enumerator.mock.cal…
       |                                                                                                                                                     ^
    250|       expect(s.events).toHaveLength(9);
    251|       expect(s.errors).toEqual([]);

⎯⎯⎯⎯⎯⎯⎯⎯⎯⎯⎯⎯⎯⎯⎯⎯⎯⎯⎯⎯⎯⎯⎯⎯[1/1]⎯

 Test Files  1 failed | 49 passed (50)
      Tests  1 failed | 655 passed (656)
   Start at  21:10:34
   Duration  225.97s (transform 6.74s, setup 0ms, collect 19.33s, tests 173.04s, environment 21.77s, prepare 2.79s)

