
 RUN  v2.1.9 /Users/iianneill/Documents/GitHub/speedy-ts-reactive

[baseline-browser-mapping] The data in this module is over two months old.  To ensure accurate Baseline data, please update: `npm i baseline-browser-mapping@latest -D`
 ✓ src/application/flint-knowledge.test.tsx (12 tests) 12732ms
   ✓ searches unmounted native text/title, reports unopened coverage, and navigates with no canonical or History changes 2058ms
   ✓ uses the invoking Window occurrence; simultaneous occurrences never duplicate matches or steal the other selection 1325ms
   ✓ uses cell-correct Unicode ranges and never joins text across inline images 1025ms
   ✓ creates, follows and removes native references with Undo/Redo; target titles and paths are not identity 1947ms
   ✓ revalidates a displayed result after filesystem removal without mounting or changing bindings 623ms
   ✓ cancels delayed queries on edits, Undo branches and query replacement without creating projections 572ms
   ✓ rejects changed locations during a query and reports duplicate discovery without silently rebinding 491ms
   ✓ cancels a picker and rejects source disappearance without changing the target 1214ms
   ✓ round-trips linked multi-Block references through native Save/Open and removes a mention with ordinary Undo 1504ms
   ✓ excludes outside-vault resources and diagnoses nested resources and unsupported hosted text 918ms
   ✓ does not rebuild canonical snapshots or run query matching during ordinary typing after a search 497ms
   ✓ reveals plain UTF-16 text in an inactive nested tab without authoring navigation 555ms
 ✓ src/application/canonical-backlinks.test.ts (10 tests) 204ms

 Test Files  2 passed (2)
      Tests  22 passed (22)
   Start at  21:44:14
   Duration  27.51s (transform 7.66s, setup 0ms, collect 11.83s, tests 12.94s, environment 1.43s, prepare 329ms)

